[2026-07-31T13:29:46.829Z] [SYSTEM] Starting deployment process...
[2026-07-31T13:29:46.855Z] [INFO] Cloning branch main from repository...
[2026-07-31T13:29:46.997Z] [OUTPUT] Cloning into 'C:\Users\AYUSHY~1\AppData\Local\Temp\deployx\90ad6f19-d128-44a4-98df-eb230d0e7548_02ce4ff1-75d1-40c6-8e40-5594d5754a41'...
[2026-07-31T13:29:48.334Z] [SUCCESS] Repository cloned successfully.
[2026-07-31T13:29:48.347Z] [INFO] Detecting framework... Framework selected: React (Vite)
[2026-07-31T13:29:48.347Z] [INFO] Writing project Dockerfile configuration...
[2026-07-31T13:29:48.353Z] [SUCCESS] Dockerfile configured.
[2026-07-31T13:29:48.354Z] [INFO] Configuring .dockerignore to ensure all required source files are copied...
[2026-07-31T13:29:48.367Z] [INFO] Building Docker image: deployx-project-90ad6f19-d128-44a4-98df-eb230d0e7548... This may take a minute.
[2026-07-31T13:29:49.579Z] [OUTPUT] #0 building with "desktop-linux" instance using docker driver
[2026-07-31T13:29:49.579Z] [OUTPUT] #1 [internal] load build definition from Dockerfile
[2026-07-31T13:29:49.580Z] [OUTPUT] #1 transferring dockerfile: 364B 0.0s done
[2026-07-31T13:29:49.581Z] [OUTPUT] #1 DONE 0.1s
[2026-07-31T13:29:49.678Z] [OUTPUT] #2 [internal] load metadata for docker.io/library/nginx:alpine
[2026-07-31T13:29:49.678Z] [OUTPUT] #2 DONE 0.1s
[2026-07-31T13:29:49.679Z] [OUTPUT] #3 [internal] load metadata for docker.io/library/node:20-alpine
[2026-07-31T13:29:51.491Z] [OUTPUT] #3 DONE 1.9s
[2026-07-31T13:29:51.596Z] [OUTPUT] #4 [internal] load .dockerignore
[2026-07-31T13:29:51.596Z] [OUTPUT] #4 transferring context: 118B 0.0s done
[2026-07-31T13:29:51.596Z] [OUTPUT] #4 DONE 0.1s
[2026-07-31T13:29:51.713Z] [OUTPUT] #5 [builder 1/8] FROM docker.io/library/node:20-alpine@sha256:fb4cd12c85ee03686f6af5362a0b0d56d50c58a04632e6c0fb8363f609372293
[2026-07-31T13:29:51.713Z] [OUTPUT] #5 resolve docker.io/library/node:20-alpine@sha256:fb4cd12c85ee03686f6af5362a0b0d56d50c58a04632e6c0fb8363f609372293 0.1s done
[2026-07-31T13:29:51.714Z] [OUTPUT] #5 DONE 0.1s
[2026-07-31T13:29:51.714Z] [OUTPUT] #6 [stage-1 1/2] FROM docker.io/library/nginx:alpine@sha256:4a73073bd557c65b759505da037898b61f1be6cbcc3c2c3aeac22d2a470c1752
[2026-07-31T13:29:51.714Z] [OUTPUT] #6 resolve docker.io/library/nginx:alpine@sha256:4a73073bd557c65b759505da037898b61f1be6cbcc3c2c3aeac22d2a470c1752 0.1s done
[2026-07-31T13:29:51.714Z] [OUTPUT] #6 CACHED
[2026-07-31T13:29:51.714Z] [OUTPUT] #7 [internal] load build context
[2026-07-31T13:29:52.151Z] [OUTPUT] #7 transferring context: 567.68kB 0.3s done
[2026-07-31T13:29:52.151Z] [OUTPUT] #7 DONE 0.3s
[2026-07-31T13:29:52.152Z] [OUTPUT] #8 [builder 2/8] WORKDIR /app
[2026-07-31T13:29:52.152Z] [OUTPUT] #8 CACHED
[2026-07-31T13:29:52.152Z] [OUTPUT] #9 [builder 3/8] COPY package*.json ./
[2026-07-31T13:29:52.152Z] [OUTPUT] #9 CACHED
[2026-07-31T13:29:52.152Z] [OUTPUT] #10 [builder 4/8] RUN npm install -g pnpm
[2026-07-31T13:29:52.152Z] [OUTPUT] #10 CACHED
[2026-07-31T13:29:52.152Z] [OUTPUT] #11 [builder 5/8] COPY pnpm-lock.yaml ./
[2026-07-31T13:29:52.152Z] [OUTPUT] #11 CACHED
[2026-07-31T13:29:52.152Z] [OUTPUT] #12 [builder 6/8] RUN pnpm install --frozen-lockfile
[2026-07-31T13:29:52.152Z] [OUTPUT] #12 CACHED
[2026-07-31T13:29:52.152Z] [OUTPUT] #13 [builder 7/8] COPY . .
[2026-07-31T13:29:52.152Z] [OUTPUT] #13 CACHED
[2026-07-31T13:29:52.153Z] [OUTPUT] #14 [builder 8/8] RUN pnpm run build
[2026-07-31T13:29:54.728Z] [OUTPUT] #14 2.727
[2026-07-31T13:29:54.728Z] [OUTPUT] #14 2.727 > ghost-entertainment@0.0.0 build /app
[2026-07-31T13:29:54.728Z] [OUTPUT] #14 2.727 > vite build
[2026-07-31T13:29:54.728Z] [OUTPUT] #14 2.727
[2026-07-31T13:29:55.355Z] [OUTPUT] #14 3.353 vite v5.4.21 building for production...
[2026-07-31T13:29:55.752Z] [OUTPUT] #14 3.751 [baseline-browser-mapping] The data in this module is over two months old.  To ensure accurate Baseline data, please update: `npm i baseline-browser-mapping@latest -D`
[2026-07-31T13:29:56.137Z] [OUTPUT] #14 4.137 transforming...
[2026-07-31T13:29:56.282Z] [OUTPUT] #14 4.156 ✓ 2 modules transformed.
[2026-07-31T13:29:56.282Z] [OUTPUT] #14 4.166 x Build failed in 111ms
[2026-07-31T13:29:56.283Z] [OUTPUT] #14 4.167 error during build:
[2026-07-31T13:29:56.283Z] [OUTPUT] #14 4.167 [vite]: Rollup failed to resolve import "/src/main.tsx" from "/app/index.html".
[2026-07-31T13:29:56.283Z] [OUTPUT] #14 4.167 This is most likely unintended because it can break your application at runtime.
[2026-07-31T13:29:56.283Z] [OUTPUT] #14 4.167 If you do want to externalize this module explicitly add it to
[2026-07-31T13:29:56.283Z] [OUTPUT] #14 4.167 `build.rollupOptions.external`
[2026-07-31T13:29:56.283Z] [OUTPUT] #14 4.167     at viteWarn (file:///app/node_modules/.pnpm/vite@5.4.21_@types+node@22.19.1_terser@5.44.1/node_modules/vite/dist/node/chunks/dep-BK3b2jBa.js:65855:17)
[2026-07-31T13:29:56.283Z] [OUTPUT] #14 4.167     at onwarn (file:///app/node_modules/.pnpm/@vitejs+plugin-react-swc@3.11.0_vite@5.4.21_@types+node@22.19.1_terser@5.44.1_/node_modules/@vitejs/plugin-react-swc/index.js:90:7)
[2026-07-31T13:29:56.283Z] [OUTPUT] #14 4.167     at onRollupWarning (file:///app/node_modules/.pnpm/vite@5.4.21_@types+node@22.19.1_terser@5.44.1/node_modules/vite/dist/node/chunks/dep-BK3b2jBa.js:65885:5)
[2026-07-31T13:29:56.283Z] [OUTPUT] #14 4.167     at onwarn (file:///app/node_modules/.pnpm/vite@5.4.21_@types+node@22.19.1_terser@5.44.1/node_modules/vite/dist/node/chunks/dep-BK3b2jBa.js:65550:7)
[2026-07-31T13:29:56.284Z] [OUTPUT] #14 4.167     at file:///app/node_modules/.pnpm/rollup@4.53.2/node_modules/rollup/dist/es/shared/node-entry.js:20961:13
[2026-07-31T13:29:56.284Z] [OUTPUT] #14 4.167     at Object.logger [as onLog] (file:///app/node_modules/.pnpm/rollup@4.53.2/node_modules/rollup/dist/es/shared/node-entry.js:22834:9)
[2026-07-31T13:29:56.284Z] [OUTPUT] #14 4.167     at ModuleLoader.handleInvalidResolvedId (file:///app/node_modules/.pnpm/rollup@4.53.2/node_modules/rollup/dist/es/shared/node-entry.js:21578:26)
[2026-07-31T13:29:56.284Z] [OUTPUT] #14 4.167     at file:///app/node_modules/.pnpm/rollup@4.53.2/node_modules/rollup/dist/es/shared/node-entry.js:21536:26
[2026-07-31T13:29:56.284Z] [OUTPUT] #14 4.206  ELIFECYCLE  Command failed with exit code 1.
[2026-07-31T13:29:56.284Z] [OUTPUT] #14 ERROR: process "/bin/sh -c pnpm run build" did not complete successfully: exit code: 1
[2026-07-31T13:29:56.431Z] [OUTPUT] ------
[2026-07-31T13:29:56.431Z] [OUTPUT] > [builder 8/8] RUN pnpm run build:
[2026-07-31T13:29:56.432Z] [OUTPUT] 4.167 `build.rollupOptions.external`
[2026-07-31T13:29:56.432Z] [OUTPUT] 4.167     at viteWarn (file:///app/node_modules/.pnpm/vite@5.4.21_@types+node@22.19.1_terser@5.44.1/node_modules/vite/dist/node/chunks/dep-BK3b2jBa.js:65855:17)
[2026-07-31T13:29:56.432Z] [OUTPUT] 4.167     at onwarn (file:///app/node_modules/.pnpm/@vitejs+plugin-react-swc@3.11.0_vite@5.4.21_@types+node@22.19.1_terser@5.44.1_/node_modules/@vitejs/plugin-react-swc/index.js:90:7)
[2026-07-31T13:29:56.432Z] [OUTPUT] 4.167     at onRollupWarning (file:///app/node_modules/.pnpm/vite@5.4.21_@types+node@22.19.1_terser@5.44.1/node_modules/vite/dist/node/chunks/dep-BK3b2jBa.js:65885:5)
[2026-07-31T13:29:56.432Z] [OUTPUT] 4.167     at onwarn (file:///app/node_modules/.pnpm/vite@5.4.21_@types+node@22.19.1_terser@5.44.1/node_modules/vite/dist/node/chunks/dep-BK3b2jBa.js:65550:7)
[2026-07-31T13:29:56.432Z] [OUTPUT] 4.167     at file:///app/node_modules/.pnpm/rollup@4.53.2/node_modules/rollup/dist/es/shared/node-entry.js:20961:13
[2026-07-31T13:29:56.432Z] [OUTPUT] 4.167     at Object.logger [as onLog] (file:///app/node_modules/.pnpm/rollup@4.53.2/node_modules/rollup/dist/es/shared/node-entry.js:22834:9)
[2026-07-31T13:29:56.432Z] [OUTPUT] 4.167     at ModuleLoader.handleInvalidResolvedId (file:///app/node_modules/.pnpm/rollup@4.53.2/node_modules/rollup/dist/es/shared/node-entry.js:21578:26)
[2026-07-31T13:29:56.432Z] [OUTPUT] 4.167     at file:///app/node_modules/.pnpm/rollup@4.53.2/node_modules/rollup/dist/es/shared/node-entry.js:21536:26
[2026-07-31T13:29:56.432Z] [OUTPUT] 4.206  ELIFECYCLE  Command failed with exit code 1.
[2026-07-31T13:29:56.433Z] [OUTPUT] ------
[2026-07-31T13:29:56.448Z] [OUTPUT] Dockerfile:10
[2026-07-31T13:29:56.448Z] [OUTPUT] --------------------
[2026-07-31T13:29:56.448Z] [OUTPUT] 8 |     RUN pnpm install --frozen-lockfile
[2026-07-31T13:29:56.449Z] [OUTPUT] 9 |     COPY . .
[2026-07-31T13:29:56.449Z] [OUTPUT] 10 | >>> RUN pnpm run build
[2026-07-31T13:29:56.449Z] [OUTPUT] 11 |
[2026-07-31T13:29:56.449Z] [OUTPUT] 12 |     # Production Stage
[2026-07-31T13:29:56.449Z] [OUTPUT] --------------------
[2026-07-31T13:29:56.449Z] [OUTPUT] ERROR: failed to build: failed to solve: process "/bin/sh -c pnpm run build" did not complete successfully: exit code: 1
[2026-07-31T13:29:56.449Z] [OUTPUT] View build details: docker-desktop://dashboard/build/desktop-linux/desktop-linux/m8ft3ekkjcyzt2l1s8icb1ard
[2026-07-31T13:29:56.489Z] [ERROR] Deployment failed: Command failed with code 1
