[2026-07-31T01:06:05.669Z] [SYSTEM] Starting deployment process...
[2026-07-31T01:06:05.740Z] [INFO] Cloning branch main from repository...
[2026-07-31T01:06:05.938Z] [OUTPUT] Cloning into 'C:\Users\AYUSHY~1\AppData\Local\Temp\deployx\74745cb2-9467-47b8-bd5d-1a9b630cfd08_0c6091bb-6b7b-494d-8da2-5a10a1f99800'...
[2026-07-31T01:06:07.218Z] [SUCCESS] Repository cloned successfully.
[2026-07-31T01:06:07.234Z] [INFO] Detecting framework... Framework selected: Unknown
[2026-07-31T01:06:07.235Z] [INFO] Writing project Dockerfile configuration...
[2026-07-31T01:06:07.238Z] [SUCCESS] Dockerfile configured.
[2026-07-31T01:06:07.238Z] [INFO] Configuring .dockerignore to ensure all required source files are copied...
[2026-07-31T01:06:07.250Z] [INFO] Building Docker image: deployx-project-74745cb2-9467-47b8-bd5d-1a9b630cfd08... This may take a minute.
[2026-07-31T01:06:08.703Z] [OUTPUT] #0 building with "desktop-linux" instance using docker driver
[2026-07-31T01:06:08.704Z] [OUTPUT] #1 [internal] load build definition from Dockerfile
[2026-07-31T01:06:08.705Z] [OUTPUT] #1 transferring dockerfile: 125B 0.0s done
[2026-07-31T01:06:08.900Z] [OUTPUT] #1 DONE 0.1s
[2026-07-31T01:06:08.900Z] [OUTPUT] #2 [internal] load metadata for docker.io/library/alpine:latest
[2026-07-31T01:06:11.964Z] [OUTPUT] #2 DONE 3.2s
[2026-07-31T01:06:12.084Z] [OUTPUT] #3 [internal] load .dockerignore
[2026-07-31T01:06:12.085Z] [OUTPUT] #3 transferring context: 118B 0.0s done
[2026-07-31T01:06:12.086Z] [OUTPUT] #3 DONE 0.1s
[2026-07-31T01:06:12.200Z] [OUTPUT] #4 [internal] load build context
[2026-07-31T01:06:12.334Z] [OUTPUT] #4 ...
[2026-07-31T01:06:12.335Z] [OUTPUT] #5 [1/3] FROM docker.io/library/alpine:latest@sha256:28bd5fe8b56d1bd048e5babf5b10710ebe0bae67db86916198a6eec434943f8b
[2026-07-31T01:06:12.335Z] [OUTPUT] #5 resolve docker.io/library/alpine:latest@sha256:28bd5fe8b56d1bd048e5babf5b10710ebe0bae67db86916198a6eec434943f8b 0.1s done
[2026-07-31T01:06:12.335Z] [OUTPUT] #5 DONE 0.2s
[2026-07-31T01:06:12.336Z] [OUTPUT] #4 [internal] load build context
[2026-07-31T01:06:12.563Z] [OUTPUT] #4 transferring context: 23.07kB 0.2s done
[2026-07-31T01:06:12.563Z] [OUTPUT] #4 DONE 0.3s
[2026-07-31T01:06:12.564Z] [OUTPUT] #6 [2/3] WORKDIR /app
[2026-07-31T01:06:12.564Z] [OUTPUT] #6 DONE 0.1s
[2026-07-31T01:06:12.564Z] [OUTPUT] #7 [3/3] COPY . .
[2026-07-31T01:06:12.565Z] [OUTPUT] #7 DONE 0.1s
[2026-07-31T01:06:12.735Z] [OUTPUT] #8 exporting to image
[2026-07-31T01:06:12.736Z] [OUTPUT] #8 exporting layers
[2026-07-31T01:06:12.982Z] [OUTPUT] #8 exporting layers 0.4s done
[2026-07-31T01:06:13.136Z] [OUTPUT] #8 exporting manifest sha256:5ca55bbfd905af97c977fb9a13ac6bda94ff73ebb47ed8ac2605f8599f50634f 0.1s done
[2026-07-31T01:06:13.137Z] [OUTPUT] #8 exporting config sha256:7e190eb7b7e9243316d1db468cbbe77573a697514ee6cac7cbe9779ac720c2d1 0.0s done
[2026-07-31T01:06:13.137Z] [OUTPUT] #8 exporting attestation manifest sha256:bf75332a68a0fac96b44cd298646bcad0cc6ac59d5f7f93aec8eb5f1dca91ae3
[2026-07-31T01:06:13.269Z] [OUTPUT] #8 exporting attestation manifest sha256:bf75332a68a0fac96b44cd298646bcad0cc6ac59d5f7f93aec8eb5f1dca91ae3 0.1s done
[2026-07-31T01:06:13.269Z] [OUTPUT] #8 exporting manifest list sha256:4492c3803346c58301981097180bedfa4ae8093b193aa147072a169521586e0e 0.0s done
[2026-07-31T01:06:13.419Z] [OUTPUT] #8 naming to docker.io/library/deployx-project-74745cb2-9467-47b8-bd5d-1a9b630cfd08:latest 0.0s done
[2026-07-31T01:06:13.420Z] [OUTPUT] #8 unpacking to docker.io/library/deployx-project-74745cb2-9467-47b8-bd5d-1a9b630cfd08:latest 0.1s done
[2026-07-31T01:06:13.528Z] [OUTPUT] #8 DONE 0.9s
[2026-07-31T01:06:13.805Z] [OUTPUT] View build details: docker-desktop://dashboard/build/desktop-linux/desktop-linux/idozw9tz2abqadrj50cqm5utb
[2026-07-31T01:06:13.869Z] [SUCCESS] Docker image built successfully.
[2026-07-31T01:06:13.905Z] [INFO] Starting Docker container...
[2026-07-31T01:06:14.388Z] [OUTPUT] 03aff85139d5c7a8f34abfbbad7f36c12f395f810b2f6e8c2bbadc18a8c5b76c
[2026-07-31T01:06:14.495Z] [OUTPUT] docker: Error response from daemon: ports are not available: exposing port TCP 0.0.0.0:3000 -> 127.0.0.1:0: listen tcp 0.0.0.0:3000: bind: Only one usage of each socket address (protocol/network address/port) is normally permitted.
[2026-07-31T01:06:14.495Z] [OUTPUT] Run 'docker run --help' for more information
[2026-07-31T01:06:14.519Z] [ERROR] Deployment failed: Command failed with code 125
