[2026-07-31T13:01:37.302Z] [SYSTEM] Starting deployment process...
[2026-07-31T13:01:37.325Z] [INFO] Cloning branch main from repository...
[2026-07-31T13:01:37.434Z] [OUTPUT] Cloning into 'C:\Users\AYUSHY~1\AppData\Local\Temp\deployx\61f7a9bc-d503-4728-bb18-475760c7e02b_20553e55-ae67-4045-a73f-a08738371313'...
[2026-07-31T13:01:38.568Z] [SUCCESS] Repository cloned successfully.
[2026-07-31T13:01:38.582Z] [INFO] Detecting framework... Framework selected: Unknown
[2026-07-31T13:01:38.582Z] [INFO] Writing project Dockerfile configuration...
[2026-07-31T13:01:38.586Z] [SUCCESS] Dockerfile configured.
[2026-07-31T13:01:38.586Z] [INFO] Configuring .dockerignore to ensure all required source files are copied...
[2026-07-31T13:01:38.597Z] [INFO] Building Docker image: deployx-project-61f7a9bc-d503-4728-bb18-475760c7e02b... This may take a minute.
[2026-07-31T13:01:39.279Z] [OUTPUT] #0 building with "desktop-linux" instance using docker driver
[2026-07-31T13:01:39.279Z] [OUTPUT] #1 [internal] load build definition from Dockerfile
[2026-07-31T13:01:39.279Z] [OUTPUT] #1 transferring dockerfile: 125B done
[2026-07-31T13:01:39.279Z] [OUTPUT] #1 DONE 0.1s
[2026-07-31T13:01:39.279Z] [OUTPUT] #2 [internal] load metadata for docker.io/library/alpine:latest
[2026-07-31T13:01:40.143Z] [OUTPUT] #2 DONE 1.0s
[2026-07-31T13:01:40.263Z] [OUTPUT] #3 [internal] load .dockerignore
[2026-07-31T13:01:40.263Z] [OUTPUT] #3 transferring context: 118B done
[2026-07-31T13:01:40.263Z] [OUTPUT] #3 DONE 0.1s
[2026-07-31T13:01:40.263Z] [OUTPUT] #4 [internal] load build context
[2026-07-31T13:01:40.366Z] [OUTPUT] #4 transferring context: 23.07kB 0.1s done
[2026-07-31T13:01:40.366Z] [OUTPUT] #4 DONE 0.1s
[2026-07-31T13:01:40.367Z] [OUTPUT] #5 [1/3] FROM docker.io/library/alpine:latest@sha256:28bd5fe8b56d1bd048e5babf5b10710ebe0bae67db86916198a6eec434943f8b
[2026-07-31T13:01:40.367Z] [OUTPUT] #5 resolve docker.io/library/alpine:latest@sha256:28bd5fe8b56d1bd048e5babf5b10710ebe0bae67db86916198a6eec434943f8b 0.1s done
[2026-07-31T13:01:40.367Z] [OUTPUT] #5 DONE 0.1s
[2026-07-31T13:01:40.367Z] [OUTPUT] #6 [2/3] WORKDIR /app
[2026-07-31T13:01:40.367Z] [OUTPUT] #6 CACHED
[2026-07-31T13:01:40.367Z] [OUTPUT] #7 [3/3] COPY . .
[2026-07-31T13:01:40.367Z] [OUTPUT] #7 CACHED
[2026-07-31T13:01:40.367Z] [OUTPUT] #8 exporting to image
[2026-07-31T13:01:40.367Z] [OUTPUT] #8 exporting layers done
[2026-07-31T13:01:40.486Z] [OUTPUT] #8 exporting manifest sha256:5ca55bbfd905af97c977fb9a13ac6bda94ff73ebb47ed8ac2605f8599f50634f done
[2026-07-31T13:01:40.486Z] [OUTPUT] #8 exporting config sha256:7e190eb7b7e9243316d1db468cbbe77573a697514ee6cac7cbe9779ac720c2d1 done
[2026-07-31T13:01:40.486Z] [OUTPUT] #8 exporting attestation manifest sha256:4dfba7b8a1d56b53aba22f1fb6c1771ebfb49c83587c2bec51ea2f140a8568a0 0.1s done
[2026-07-31T13:01:40.486Z] [OUTPUT] #8 exporting manifest list sha256:9e66dee740fb8254b5bdf315f99c454ab6a2811f534320e8ad0886307984876b 0.0s done
[2026-07-31T13:01:40.486Z] [OUTPUT] #8 naming to docker.io/library/deployx-project-61f7a9bc-d503-4728-bb18-475760c7e02b:latest
[2026-07-31T13:01:40.700Z] [OUTPUT] #8 naming to docker.io/library/deployx-project-61f7a9bc-d503-4728-bb18-475760c7e02b:latest done
[2026-07-31T13:01:40.701Z] [OUTPUT] #8 unpacking to docker.io/library/deployx-project-61f7a9bc-d503-4728-bb18-475760c7e02b:latest 0.0s done
[2026-07-31T13:01:40.701Z] [OUTPUT] #8 DONE 0.2s
[2026-07-31T13:01:40.745Z] [OUTPUT] View build details: docker-desktop://dashboard/build/desktop-linux/desktop-linux/qfgl0k6do98098bzuapcoazpm
[2026-07-31T13:01:40.771Z] [SUCCESS] Docker image built successfully.
[2026-07-31T13:01:40.778Z] [INFO] Checking port 80...
[2026-07-31T13:01:40.780Z] [SUCCESS] Port 80 is available.
[2026-07-31T13:01:40.780Z] [INFO] Attempting to start Docker container on port 80...
[2026-07-31T13:01:40.956Z] [OUTPUT] 494e7c1b24e40641949236cfcb2b7abecff1e34c44332094d41c925d40db0aef
[2026-07-31T13:01:45.217Z] [ERROR] Container failed to stay running (State: restarting). App crashed immediately.
[2026-07-31T13:01:45.218Z] [ERROR] Crash logs:
No specific framework detected.
No specific framework detected.
No specific framework detected.
No specific framework detected.

[2026-07-31T13:01:45.382Z] [ERROR] Deployment failed: Application crashed immediately after startup. Check the logs for details.
