[2026-07-31T12:57:19.804Z] [SYSTEM] Starting deployment process...
[2026-07-31T12:57:19.828Z] [INFO] Cloning branch main from repository...
[2026-07-31T12:57:19.949Z] [OUTPUT] Cloning into 'C:\Users\AYUSHY~1\AppData\Local\Temp\deployx\a6722813-2bb4-4baa-a66a-d41a78534e1a_330fe0c4-079c-4829-b2e7-9a0f36a0eab5'...
[2026-07-31T12:57:21.209Z] [SUCCESS] Repository cloned successfully.
[2026-07-31T12:57:21.220Z] [INFO] Detecting framework... Framework selected: Unknown
[2026-07-31T12:57:21.220Z] [INFO] Writing project Dockerfile configuration...
[2026-07-31T12:57:21.221Z] [SUCCESS] Dockerfile configured.
[2026-07-31T12:57:21.222Z] [INFO] Configuring .dockerignore to ensure all required source files are copied...
[2026-07-31T12:57:21.230Z] [INFO] Building Docker image: deployx-project-a6722813-2bb4-4baa-a66a-d41a78534e1a... This may take a minute.
[2026-07-31T12:57:22.061Z] [OUTPUT] #0 building with "desktop-linux" instance using docker driver
[2026-07-31T12:57:22.061Z] [OUTPUT] #1 [internal] load build definition from Dockerfile
[2026-07-31T12:57:22.061Z] [OUTPUT] #1 transferring dockerfile: 125B 0.0s done
[2026-07-31T12:57:22.061Z] [OUTPUT] #1 DONE 0.1s
[2026-07-31T12:57:22.061Z] [OUTPUT] #2 [internal] load metadata for docker.io/library/alpine:latest
[2026-07-31T12:57:23.253Z] [OUTPUT] #2 DONE 1.3s
[2026-07-31T12:57:23.384Z] [OUTPUT] #3 [internal] load .dockerignore
[2026-07-31T12:57:23.384Z] [OUTPUT] #3 transferring context: 118B 0.0s done
[2026-07-31T12:57:23.384Z] [OUTPUT] #3 DONE 0.1s
[2026-07-31T12:57:23.384Z] [OUTPUT] #4 [internal] load build context
[2026-07-31T12:57:23.485Z] [OUTPUT] #4 transferring context: 23.07kB 0.1s done
[2026-07-31T12:57:23.485Z] [OUTPUT] #4 DONE 0.2s
[2026-07-31T12:57:23.485Z] [OUTPUT] #5 [1/3] FROM docker.io/library/alpine:latest@sha256:28bd5fe8b56d1bd048e5babf5b10710ebe0bae67db86916198a6eec434943f8b
[2026-07-31T12:57:23.486Z] [OUTPUT] #5 resolve docker.io/library/alpine:latest@sha256:28bd5fe8b56d1bd048e5babf5b10710ebe0bae67db86916198a6eec434943f8b 0.1s done
[2026-07-31T12:57:23.486Z] [OUTPUT] #5 DONE 0.1s
[2026-07-31T12:57:23.610Z] [OUTPUT] #6 [2/3] WORKDIR /app
[2026-07-31T12:57:23.611Z] [OUTPUT] #6 CACHED
[2026-07-31T12:57:23.611Z] [OUTPUT] #7 [3/3] COPY . .
[2026-07-31T12:57:23.611Z] [OUTPUT] #7 CACHED
[2026-07-31T12:57:23.611Z] [OUTPUT] #8 exporting to image
[2026-07-31T12:57:23.611Z] [OUTPUT] #8 exporting layers done
[2026-07-31T12:57:23.613Z] [OUTPUT] #8 exporting manifest sha256:5ca55bbfd905af97c977fb9a13ac6bda94ff73ebb47ed8ac2605f8599f50634f done
[2026-07-31T12:57:23.614Z] [OUTPUT] #8 exporting config sha256:7e190eb7b7e9243316d1db468cbbe77573a697514ee6cac7cbe9779ac720c2d1 done
[2026-07-31T12:57:23.614Z] [OUTPUT] #8 exporting attestation manifest sha256:34df70c2cb51c375f5fe252e0ad3d51fb664101e168c08155902d737d0ebd883 0.1s done
[2026-07-31T12:57:23.614Z] [OUTPUT] #8 exporting manifest list sha256:898e833bdbb45fada53ca040e3065b0d6b96c51c3c5c093b1cad33d9bae89285
[2026-07-31T12:57:23.855Z] [OUTPUT] #8 exporting manifest list sha256:898e833bdbb45fada53ca040e3065b0d6b96c51c3c5c093b1cad33d9bae89285 0.0s done
[2026-07-31T12:57:23.855Z] [OUTPUT] #8 naming to docker.io/library/deployx-project-a6722813-2bb4-4baa-a66a-d41a78534e1a:latest done
[2026-07-31T12:57:23.855Z] [OUTPUT] #8 unpacking to docker.io/library/deployx-project-a6722813-2bb4-4baa-a66a-d41a78534e1a:latest 0.0s done
[2026-07-31T12:57:23.856Z] [OUTPUT] #8 DONE 0.2s
[2026-07-31T12:57:23.894Z] [OUTPUT] View build details: docker-desktop://dashboard/build/desktop-linux/desktop-linux/xf4lsxjl6jri2g03fnzeehrcb
[2026-07-31T12:57:23.923Z] [SUCCESS] Docker image built successfully.
[2026-07-31T12:57:23.930Z] [INFO] Checking port 3003...
[2026-07-31T12:57:23.934Z] [SUCCESS] Port 3003 is available.
[2026-07-31T12:57:23.934Z] [INFO] Attempting to start Docker container on port 3003...
[2026-07-31T12:57:24.102Z] [OUTPUT] cd8d3acb778902cdcebcb528d6e9f3f33df98e58d88c393a9c680136f1c8f309
[2026-07-31T12:57:28.248Z] [ERROR] Container failed to stay running (State: restarting). App crashed immediately.
[2026-07-31T12:57:28.248Z] [ERROR] Crash logs:
No specific framework detected.
No specific framework detected.
No specific framework detected.
No specific framework detected.

[2026-07-31T12:57:28.410Z] [ERROR] Deployment failed: Application crashed immediately after startup. Check the logs for details.
