[2026-07-31T14:13:18.767Z] [SYSTEM] Starting deployment process...
[2026-07-31T14:13:18.805Z] [INFO] Cloning branch main from repository...
[2026-07-31T14:13:18.906Z] [OUTPUT] Cloning into 'C:\Users\AYUSHY~1\AppData\Local\Temp\deployx\4b0fc573-b437-4435-b4dd-b58127a93ebf_68d02767-e580-4e61-9827-fc91e9315ed4'...
[2026-07-31T14:13:20.271Z] [SUCCESS] Repository cloned successfully.
[2026-07-31T14:13:20.281Z] [INFO] Detecting framework... Framework selected: React (Vite)
[2026-07-31T14:13:20.282Z] [INFO] Running pre-deployment self-correction for Vite index.html...
[2026-07-31T14:13:20.285Z] [INFO] Configuring .dockerignore to ensure all required source files are copied...
[2026-07-31T14:13:20.297Z] [INFO] Building image using Nixpacks: deployx-project-4b0fc573-b437-4435-b4dd-b58127a93ebf... This may take a few minutes.
[2026-07-31T14:13:22.248Z] [OUTPUT] ╔══════════════════════════════ Nixpacks v1.41.0 ══════════════════════════════╗
[2026-07-31T14:13:22.248Z] [OUTPUT] ║ setup      │ nodejs_18, npm-9_x                                              ║
[2026-07-31T14:13:22.248Z] [OUTPUT] ║──────────────────────────────────────────────────────────────────────────────║
[2026-07-31T14:13:22.249Z] [OUTPUT] ║ caddy      │ pkgs: caddy                                                     ║
[2026-07-31T14:13:22.249Z] [OUTPUT] ║            │ cmds: caddy fmt --overwrite /assets/Caddyfile                   ║
[2026-07-31T14:13:22.249Z] [OUTPUT] ║──────────────────────────────────────────────────────────────────────────────║
[2026-07-31T14:13:22.249Z] [OUTPUT] ║ install    │ npm ci                                                          ║
[2026-07-31T14:13:22.249Z] [OUTPUT] ║──────────────────────────────────────────────────────────────────────────────║
[2026-07-31T14:13:22.249Z] [OUTPUT] ║ build      │ npm run build                                                   ║
[2026-07-31T14:13:22.249Z] [OUTPUT] ║──────────────────────────────────────────────────────────────────────────────║
[2026-07-31T14:13:22.249Z] [OUTPUT] ║ start      │ exec caddy run --config /assets/Caddyfile --adapter caddyfile   ║
[2026-07-31T14:13:22.249Z] [OUTPUT] ║            │ 2>&1                                                            ║
[2026-07-31T14:13:22.249Z] [OUTPUT] ╚══════════════════════════════════════════════════════════════════════════════╝
[2026-07-31T14:13:23.420Z] [OUTPUT] ERROR: BuildKit is enabled but the buildx component is missing or broken.
[2026-07-31T14:13:23.421Z] [OUTPUT] Install the buildx component to build images with BuildKit:
[2026-07-31T14:13:23.421Z] [OUTPUT] https://docs.docker.com/go/buildx/
[2026-07-31T14:13:23.423Z] [OUTPUT] Error: Docker build failed
[2026-07-31T14:13:23.916Z] [ERROR] Nixpacks build failed. Ensure Docker is running or nixpacks is in PATH.
[2026-07-31T14:13:23.928Z] [ERROR] Deployment failed: Command failed with code 1
