[2026-07-31T11:35:27.796Z] [SYSTEM] Starting deployment process...
[2026-07-31T11:35:27.890Z] [INFO] Cloning branch main from repository...
[2026-07-31T11:35:28.156Z] [OUTPUT] Cloning into 'C:\Users\AYUSHY~1\AppData\Local\Temp\deployx\a6722813-2bb4-4baa-a66a-d41a78534e1a_8b7a8d55-94a9-4fa1-beeb-0c96d06c9113'...
[2026-07-31T11:35:29.984Z] [SUCCESS] Repository cloned successfully.
[2026-07-31T11:35:30.002Z] [INFO] Detecting framework... Framework selected: Unknown
[2026-07-31T11:35:30.003Z] [INFO] Writing project Dockerfile configuration...
[2026-07-31T11:35:30.008Z] [SUCCESS] Dockerfile configured.
[2026-07-31T11:35:30.009Z] [INFO] Configuring .dockerignore to ensure all required source files are copied...
[2026-07-31T11:35:30.027Z] [INFO] Building Docker image: deployx-project-a6722813-2bb4-4baa-a66a-d41a78534e1a... This may take a minute.
[2026-07-31T11:35:31.864Z] [OUTPUT] #0 building with "desktop-linux" instance using docker driver
[2026-07-31T11:35:31.865Z] [OUTPUT] #1 [internal] load build definition from Dockerfile
[2026-07-31T11:35:31.866Z] [OUTPUT] #1 transferring dockerfile: 125B 0.0s done
[2026-07-31T11:35:31.866Z] [OUTPUT] #1 DONE 0.1s
[2026-07-31T11:35:32.030Z] [OUTPUT] #2 [internal] load metadata for docker.io/library/alpine:latest
[2026-07-31T11:35:35.164Z] [OUTPUT] #2 DONE 3.3s
[2026-07-31T11:35:35.276Z] [OUTPUT] #3 [internal] load .dockerignore
[2026-07-31T11:35:35.277Z] [OUTPUT] #3 transferring context: 118B 0.0s done
[2026-07-31T11:35:35.279Z] [OUTPUT] #3 DONE 0.1s
[2026-07-31T11:35:35.393Z] [OUTPUT] #4 [internal] load build context
[2026-07-31T11:35:35.537Z] [OUTPUT] #4 ...
[2026-07-31T11:35:35.538Z] [OUTPUT] #5 [1/3] FROM docker.io/library/alpine:latest@sha256:28bd5fe8b56d1bd048e5babf5b10710ebe0bae67db86916198a6eec434943f8b
[2026-07-31T11:35:35.539Z] [OUTPUT] #5 resolve docker.io/library/alpine:latest@sha256:28bd5fe8b56d1bd048e5babf5b10710ebe0bae67db86916198a6eec434943f8b 0.1s done
[2026-07-31T11:35:35.539Z] [OUTPUT] #5 DONE 0.1s
[2026-07-31T11:35:35.539Z] [OUTPUT] #4 [internal] load build context
[2026-07-31T11:35:35.668Z] [OUTPUT] #4 transferring context: 23.07kB 0.2s done
[2026-07-31T11:35:35.669Z] [OUTPUT] #4 DONE 0.3s
[2026-07-31T11:35:35.669Z] [OUTPUT] #6 [2/3] WORKDIR /app
[2026-07-31T11:35:35.669Z] [OUTPUT] #6 CACHED
[2026-07-31T11:35:35.669Z] [OUTPUT] #7 [3/3] COPY . .
[2026-07-31T11:35:35.669Z] [OUTPUT] #7 CACHED
[2026-07-31T11:35:35.670Z] [OUTPUT] #8 exporting to image
[2026-07-31T11:35:35.671Z] [OUTPUT] #8 exporting layers 0.0s done
[2026-07-31T11:35:35.671Z] [OUTPUT] #8 exporting manifest sha256:5ca55bbfd905af97c977fb9a13ac6bda94ff73ebb47ed8ac2605f8599f50634f done
[2026-07-31T11:35:35.672Z] [OUTPUT] #8 exporting config sha256:7e190eb7b7e9243316d1db468cbbe77573a697514ee6cac7cbe9779ac720c2d1 0.0s done
[2026-07-31T11:35:35.672Z] [OUTPUT] #8 exporting attestation manifest sha256:73442e03a102aa2dad3b56f1c3ba97e67b3664608897571fe0b37fc7f2634399
[2026-07-31T11:35:35.789Z] [OUTPUT] #8 exporting attestation manifest sha256:73442e03a102aa2dad3b56f1c3ba97e67b3664608897571fe0b37fc7f2634399 0.1s done
[2026-07-31T11:35:35.790Z] [OUTPUT] #8 exporting manifest list sha256:11f338e99867a70cdff7b4f45c5b921870fb2347cc6cd1d1dc951ff0f16f0a78 0.0s done
[2026-07-31T11:35:35.790Z] [OUTPUT] #8 naming to docker.io/library/deployx-project-a6722813-2bb4-4baa-a66a-d41a78534e1a:latest
[2026-07-31T11:35:35.917Z] [OUTPUT] #8 naming to docker.io/library/deployx-project-a6722813-2bb4-4baa-a66a-d41a78534e1a:latest 0.0s done
[2026-07-31T11:35:35.917Z] [OUTPUT] #8 unpacking to docker.io/library/deployx-project-a6722813-2bb4-4baa-a66a-d41a78534e1a:latest 0.0s done
[2026-07-31T11:35:35.918Z] [OUTPUT] #8 DONE 0.3s
[2026-07-31T11:35:36.167Z] [OUTPUT] View build details: docker-desktop://dashboard/build/desktop-linux/desktop-linux/jr8aqm1j1ok6fdpunf2fs1xnf
[2026-07-31T11:35:36.241Z] [SUCCESS] Docker image built successfully.
[2026-07-31T11:35:36.267Z] [INFO] Checking port 3003...
[2026-07-31T11:35:36.272Z] [SUCCESS] Port 3003 is available.
[2026-07-31T11:35:36.272Z] [INFO] Attempting to start Docker container on port 3003...
[2026-07-31T11:35:36.707Z] [OUTPUT] 4aac392dff1bd50f4f1735f9b35401bfd4f74a545c2917d6de585bf871c376cc
[2026-07-31T11:35:43.346Z] [SUCCESS] Container running successfully on port 3003.
