[2026-07-31T11:00:12.107Z] [SYSTEM] Starting deployment process...
[2026-07-31T11:00:12.159Z] [INFO] Cloning branch main from repository...
[2026-07-31T11:00:12.315Z] [OUTPUT] Cloning into 'C:\Users\AYUSHY~1\AppData\Local\Temp\deployx\1ad31cec-4120-43c4-b5de-a77a630bba15_9b2cc3eb-ed26-4d93-a684-5edad98438d9'...
[2026-07-31T11:00:14.457Z] [SUCCESS] Repository cloned successfully.
[2026-07-31T11:00:14.484Z] [INFO] Detecting framework... Framework selected: React
[2026-07-31T11:00:14.484Z] [INFO] Writing project Dockerfile configuration...
[2026-07-31T11:00:14.489Z] [SUCCESS] Dockerfile configured.
[2026-07-31T11:00:14.490Z] [INFO] Configuring .dockerignore to ensure all required source files are copied...
[2026-07-31T11:00:14.505Z] [INFO] Building Docker image: deployx-project-1ad31cec-4120-43c4-b5de-a77a630bba15... This may take a minute.
[2026-07-31T11:00:16.182Z] [OUTPUT] #0 building with "desktop-linux" instance using docker driver
[2026-07-31T11:00:16.183Z] [OUTPUT] #1 [internal] load build definition from Dockerfile
[2026-07-31T11:00:16.184Z] [OUTPUT] #1 transferring dockerfile: 125B 0.0s done
[2026-07-31T11:00:16.373Z] [OUTPUT] #1 DONE 0.1s
[2026-07-31T11:00:16.373Z] [OUTPUT] #2 [internal] load metadata for docker.io/library/alpine:latest
[2026-07-31T11:00:19.292Z] [OUTPUT] #2 DONE 3.1s
[2026-07-31T11:00:19.397Z] [OUTPUT] #3 [internal] load .dockerignore
[2026-07-31T11:00:19.398Z] [OUTPUT] #3 transferring context: 118B 0.1s done
[2026-07-31T11:00:19.540Z] [OUTPUT] #3 DONE 0.1s
[2026-07-31T11:00:19.541Z] [OUTPUT] #4 [internal] load build context
[2026-07-31T11:00:19.668Z] [OUTPUT] #4 ...
[2026-07-31T11:00:19.669Z] [OUTPUT] #5 [1/3] FROM docker.io/library/alpine:latest@sha256:28bd5fe8b56d1bd048e5babf5b10710ebe0bae67db86916198a6eec434943f8b
[2026-07-31T11:00:19.669Z] [OUTPUT] #5 resolve docker.io/library/alpine:latest@sha256:28bd5fe8b56d1bd048e5babf5b10710ebe0bae67db86916198a6eec434943f8b 0.1s done
[2026-07-31T11:00:19.670Z] [OUTPUT] #5 DONE 0.1s
[2026-07-31T11:00:19.670Z] [OUTPUT] #4 [internal] load build context
[2026-07-31T11:00:19.773Z] [OUTPUT] #4 transferring context: 23.07kB 0.2s done
[2026-07-31T11:00:19.774Z] [OUTPUT] #4 DONE 0.3s
[2026-07-31T11:00:19.774Z] [OUTPUT] #6 [2/3] WORKDIR /app
[2026-07-31T11:00:19.774Z] [OUTPUT] #6 CACHED
[2026-07-31T11:00:19.774Z] [OUTPUT] #7 [3/3] COPY . .
[2026-07-31T11:00:19.775Z] [OUTPUT] #7 CACHED
[2026-07-31T11:00:19.775Z] [OUTPUT] #8 exporting to image
[2026-07-31T11:00:19.775Z] [OUTPUT] #8 exporting layers done
[2026-07-31T11:00:19.775Z] [OUTPUT] #8 exporting manifest sha256:5ca55bbfd905af97c977fb9a13ac6bda94ff73ebb47ed8ac2605f8599f50634f done
[2026-07-31T11:00:19.776Z] [OUTPUT] #8 exporting config sha256:7e190eb7b7e9243316d1db468cbbe77573a697514ee6cac7cbe9779ac720c2d1
[2026-07-31T11:00:19.887Z] [OUTPUT] #8 exporting config sha256:7e190eb7b7e9243316d1db468cbbe77573a697514ee6cac7cbe9779ac720c2d1 done
[2026-07-31T11:00:19.888Z] [OUTPUT] #8 exporting attestation manifest sha256:9a0383084fcd252ac031696b6d5ded2a0c91f02da94f113a20d700f627e29dca 0.1s done
[2026-07-31T11:00:19.888Z] [OUTPUT] #8 exporting manifest list sha256:87c4b958fb770ed4ef4a4b663a91ee8020206e886987aca11f6534255b20e23b
[2026-07-31T11:00:20.011Z] [OUTPUT] #8 exporting manifest list sha256:87c4b958fb770ed4ef4a4b663a91ee8020206e886987aca11f6534255b20e23b 0.0s done
[2026-07-31T11:00:20.012Z] [OUTPUT] #8 naming to docker.io/library/deployx-project-1ad31cec-4120-43c4-b5de-a77a630bba15:latest 0.0s done
[2026-07-31T11:00:20.012Z] [OUTPUT] #8 unpacking to docker.io/library/deployx-project-1ad31cec-4120-43c4-b5de-a77a630bba15:latest 0.0s done
[2026-07-31T11:00:20.013Z] [OUTPUT] #8 DONE 0.3s
[2026-07-31T11:00:20.292Z] [OUTPUT] View build details: docker-desktop://dashboard/build/desktop-linux/desktop-linux/relape7kalqyrwcuq91wu2t4k
[2026-07-31T11:00:20.366Z] [SUCCESS] Docker image built successfully.
[2026-07-31T11:00:20.398Z] [INFO] Starting Docker container...
[2026-07-31T11:00:20.721Z] [OUTPUT] f40f9f6c436a395a7cf77e4eec99702bcd2a22ad332cff5f01a152230eca9645
[2026-07-31T11:00:20.773Z] [OUTPUT] docker: Error response from daemon: ports are not available: exposing port TCP 0.0.0.0:3000 -> 127.0.0.1:0: listen tcp 0.0.0.0:3000: bind: Only one usage of each socket address (protocol/network address/port) is normally permitted.
[2026-07-31T11:00:20.773Z] [OUTPUT] Run 'docker run --help' for more information
[2026-07-31T11:00:20.804Z] [ERROR] Deployment failed: Command failed with code 125
