[2026-07-31T00:31:56.733Z] [SYSTEM] Starting deployment process...
[2026-07-31T00:31:56.774Z] [INFO] Cloning branch main from repository...
[2026-07-31T00:31:56.888Z] [OUTPUT] Cloning into 'C:\Users\AYUSHY~1\AppData\Local\Temp\deployx\fe6b243c-b8a7-49db-82fa-944c4a3e4d42_b6e24e28-31f6-4e59-b18e-9eec81d00b5a'...
[2026-07-31T00:31:58.138Z] [SUCCESS] Repository cloned successfully.
[2026-07-31T00:31:58.150Z] [INFO] Detecting framework... Framework selected: React (Vite)
[2026-07-31T00:31:58.150Z] [INFO] Writing project Dockerfile configuration...
[2026-07-31T00:31:58.153Z] [SUCCESS] Dockerfile configured.
[2026-07-31T00:31:58.160Z] [INFO] Building Docker image: deployx-project-fe6b243c-b8a7-49db-82fa-944c4a3e4d42... This may take a minute.
[2026-07-31T00:31:59.355Z] [OUTPUT] #0 building with "desktop-linux" instance using docker driver
[2026-07-31T00:31:59.355Z] [OUTPUT] #1 [internal] load build definition from Dockerfile
[2026-07-31T00:31:59.355Z] [OUTPUT] #1 transferring dockerfile: 364B 0.0s done
[2026-07-31T00:31:59.480Z] [OUTPUT] #1 DONE 0.1s
[2026-07-31T00:31:59.480Z] [OUTPUT] #2 [internal] load metadata for docker.io/library/nginx:alpine
[2026-07-31T00:31:59.480Z] [OUTPUT] #2 DONE 0.1s
[2026-07-31T00:31:59.480Z] [OUTPUT] #3 [internal] load metadata for docker.io/library/node:18-alpine
[2026-07-31T00:32:02.389Z] [OUTPUT] #3 DONE 3.0s
[2026-07-31T00:32:02.489Z] [OUTPUT] #4 [internal] load .dockerignore
[2026-07-31T00:32:02.489Z] [OUTPUT] #4 transferring context: 2B done
[2026-07-31T00:32:02.490Z] [OUTPUT] #4 DONE 0.1s
[2026-07-31T00:32:02.660Z] [OUTPUT] #5 [stage-1 1/2] FROM docker.io/library/nginx:alpine@sha256:4a73073bd557c65b759505da037898b61f1be6cbcc3c2c3aeac22d2a470c1752
[2026-07-31T00:32:02.661Z] [OUTPUT] #5 resolve docker.io/library/nginx:alpine@sha256:4a73073bd557c65b759505da037898b61f1be6cbcc3c2c3aeac22d2a470c1752 0.1s done
[2026-07-31T00:32:03.126Z] [OUTPUT] #5 ...
[2026-07-31T00:32:03.126Z] [OUTPUT] #6 transferring context: 742.40kB 0.4s done
[2026-07-31T00:32:03.126Z] [OUTPUT] #6 [internal] load build context
[2026-07-31T00:32:03.126Z] [OUTPUT] #6 DONE 0.5s
[2026-07-31T00:32:03.276Z] [OUTPUT] #5 [stage-1 1/2] FROM docker.io/library/nginx:alpine@sha256:4a73073bd557c65b759505da037898b61f1be6cbcc3c2c3aeac22d2a470c1752
[2026-07-31T00:32:03.276Z] [OUTPUT] #5 DONE 0.7s
[2026-07-31T00:32:03.276Z] [OUTPUT] #7 [builder 1/8] FROM docker.io/library/node:18-alpine@sha256:8d6421d663b4c28fd3ebc498332f249011d118945588d0a35cb9bc4b8ca09d9e
[2026-07-31T00:32:03.276Z] [OUTPUT] #7 resolve docker.io/library/node:18-alpine@sha256:8d6421d663b4c28fd3ebc498332f249011d118945588d0a35cb9bc4b8ca09d9e 0.1s done
[2026-07-31T00:32:03.276Z] [OUTPUT] #7 sha256:1e5a4c89cee5c0826c540ab06d4b6b491c96eda01837f430bd47f0d26702d6e3 0B / 1.26MB 0.3s
[2026-07-31T00:32:03.279Z] [OUTPUT] #7 sha256:25ff2da83641908f65c3a74d80409d6b1b62ccfaab220b9ea70b80df5a2e0549 0B / 446B 0.2s
[2026-07-31T00:32:03.279Z] [OUTPUT] #7 sha256:f18232174bc91741fdf3da96d85011092101a032a93a388b79e99e69c2d5c870 0B / 3.64MB 0.2s
[2026-07-31T00:32:03.279Z] [OUTPUT] #7 sha256:dd71dde834b5c203d162902e6b8994cb2309ae049a0eabc4efea161b2b5a3d0e 0B / 40.01MB 0.2s
[2026-07-31T00:32:03.611Z] [OUTPUT] #7 sha256:1e5a4c89cee5c0826c540ab06d4b6b491c96eda01837f430bd47f0d26702d6e3 1.26MB / 1.26MB 0.5s done
[2026-07-31T00:32:03.611Z] [OUTPUT] #7 sha256:25ff2da83641908f65c3a74d80409d6b1b62ccfaab220b9ea70b80df5a2e0549 446B / 446B 0.5s done
[2026-07-31T00:32:04.213Z] [OUTPUT] #7 sha256:dd71dde834b5c203d162902e6b8994cb2309ae049a0eabc4efea161b2b5a3d0e 2.10MB / 40.01MB 1.1s
[2026-07-31T00:32:05.112Z] [OUTPUT] #7 sha256:dd71dde834b5c203d162902e6b8994cb2309ae049a0eabc4efea161b2b5a3d0e 4.19MB / 40.01MB 2.0s
[2026-07-31T00:32:05.711Z] [OUTPUT] #7 sha256:dd71dde834b5c203d162902e6b8994cb2309ae049a0eabc4efea161b2b5a3d0e 6.29MB / 40.01MB 2.6s
[2026-07-31T00:32:06.312Z] [OUTPUT] #7 sha256:dd71dde834b5c203d162902e6b8994cb2309ae049a0eabc4efea161b2b5a3d0e 8.39MB / 40.01MB 3.2s
[2026-07-31T00:32:07.212Z] [OUTPUT] #7 sha256:f18232174bc91741fdf3da96d85011092101a032a93a388b79e99e69c2d5c870 1.05MB / 3.64MB 4.2s
[2026-07-31T00:32:07.360Z] [OUTPUT] #7 sha256:dd71dde834b5c203d162902e6b8994cb2309ae049a0eabc4efea161b2b5a3d0e 10.49MB / 40.01MB 4.2s
[2026-07-31T00:32:08.411Z] [OUTPUT] #7 sha256:dd71dde834b5c203d162902e6b8994cb2309ae049a0eabc4efea161b2b5a3d0e 12.58MB / 40.01MB 5.3s
[2026-07-31T00:32:08.711Z] [OUTPUT] #7 sha256:f18232174bc91741fdf3da96d85011092101a032a93a388b79e99e69c2d5c870 2.10MB / 3.64MB 5.7s
[2026-07-31T00:32:09.159Z] [OUTPUT] #7 sha256:dd71dde834b5c203d162902e6b8994cb2309ae049a0eabc4efea161b2b5a3d0e 14.68MB / 40.01MB 6.0s
[2026-07-31T00:32:09.761Z] [OUTPUT] #7 sha256:f18232174bc91741fdf3da96d85011092101a032a93a388b79e99e69c2d5c870 3.15MB / 3.64MB 6.8s
[2026-07-31T00:32:10.174Z] [OUTPUT] #7 sha256:f18232174bc91741fdf3da96d85011092101a032a93a388b79e99e69c2d5c870 3.64MB / 3.64MB 7.1s done
[2026-07-31T00:32:10.174Z] [OUTPUT] #7 sha256:dd71dde834b5c203d162902e6b8994cb2309ae049a0eabc4efea161b2b5a3d0e 16.78MB / 40.01MB 7.1s
[2026-07-31T00:32:10.174Z] [OUTPUT] #7 extracting sha256:f18232174bc91741fdf3da96d85011092101a032a93a388b79e99e69c2d5c870
[2026-07-31T00:32:10.530Z] [OUTPUT] #7 extracting sha256:f18232174bc91741fdf3da96d85011092101a032a93a388b79e99e69c2d5c870 0.2s done
[2026-07-31T00:32:11.730Z] [OUTPUT] #7 sha256:dd71dde834b5c203d162902e6b8994cb2309ae049a0eabc4efea161b2b5a3d0e 18.87MB / 40.01MB 8.7s
[2026-07-31T00:32:12.480Z] [OUTPUT] #7 sha256:dd71dde834b5c203d162902e6b8994cb2309ae049a0eabc4efea161b2b5a3d0e 20.97MB / 40.01MB 9.5s
[2026-07-31T00:32:13.080Z] [OUTPUT] #7 sha256:dd71dde834b5c203d162902e6b8994cb2309ae049a0eabc4efea161b2b5a3d0e 23.07MB / 40.01MB 10.1s
[2026-07-31T00:32:13.681Z] [OUTPUT] #7 sha256:dd71dde834b5c203d162902e6b8994cb2309ae049a0eabc4efea161b2b5a3d0e 25.17MB / 40.01MB 10.7s
[2026-07-31T00:32:14.431Z] [OUTPUT] #7 sha256:dd71dde834b5c203d162902e6b8994cb2309ae049a0eabc4efea161b2b5a3d0e 27.26MB / 40.01MB 11.4s
[2026-07-31T00:32:15.182Z] [OUTPUT] #7 sha256:dd71dde834b5c203d162902e6b8994cb2309ae049a0eabc4efea161b2b5a3d0e 29.36MB / 40.01MB 12.2s
[2026-07-31T00:32:15.931Z] [OUTPUT] #7 sha256:dd71dde834b5c203d162902e6b8994cb2309ae049a0eabc4efea161b2b5a3d0e 31.46MB / 40.01MB 12.9s
[2026-07-31T00:32:16.531Z] [OUTPUT] #7 sha256:dd71dde834b5c203d162902e6b8994cb2309ae049a0eabc4efea161b2b5a3d0e 33.55MB / 40.01MB 13.5s
[2026-07-31T00:32:17.280Z] [OUTPUT] #7 sha256:dd71dde834b5c203d162902e6b8994cb2309ae049a0eabc4efea161b2b5a3d0e 35.65MB / 40.01MB 14.3s
[2026-07-31T00:32:18.030Z] [OUTPUT] #7 sha256:dd71dde834b5c203d162902e6b8994cb2309ae049a0eabc4efea161b2b5a3d0e 37.75MB / 40.01MB 15.0s
[2026-07-31T00:32:19.081Z] [OUTPUT] #7 sha256:dd71dde834b5c203d162902e6b8994cb2309ae049a0eabc4efea161b2b5a3d0e 40.01MB / 40.01MB 16.1s
[2026-07-31T00:32:19.294Z] [OUTPUT] #7 sha256:dd71dde834b5c203d162902e6b8994cb2309ae049a0eabc4efea161b2b5a3d0e 40.01MB / 40.01MB 16.1s done
[2026-07-31T00:32:19.295Z] [OUTPUT] #7 extracting sha256:dd71dde834b5c203d162902e6b8994cb2309ae049a0eabc4efea161b2b5a3d0e
[2026-07-31T00:32:20.545Z] [OUTPUT] #7 extracting sha256:dd71dde834b5c203d162902e6b8994cb2309ae049a0eabc4efea161b2b5a3d0e 1.4s done
[2026-07-31T00:32:20.545Z] [OUTPUT] #7 DONE 18.0s
[2026-07-31T00:32:20.659Z] [OUTPUT] #7 [builder 1/8] FROM docker.io/library/node:18-alpine@sha256:8d6421d663b4c28fd3ebc498332f249011d118945588d0a35cb9bc4b8ca09d9e
[2026-07-31T00:32:20.659Z] [OUTPUT] #7 extracting sha256:25ff2da83641908f65c3a74d80409d6b1b62ccfaab220b9ea70b80df5a2e0549 0.0s done
[2026-07-31T00:32:20.659Z] [OUTPUT] #7 extracting sha256:1e5a4c89cee5c0826c540ab06d4b6b491c96eda01837f430bd47f0d26702d6e3 0.1s done
[2026-07-31T00:32:20.659Z] [OUTPUT] #7 DONE 18.1s
[2026-07-31T00:32:20.814Z] [OUTPUT] #8 [builder 2/8] WORKDIR /app
[2026-07-31T00:32:20.872Z] [OUTPUT] #8 DONE 0.2s
[2026-07-31T00:32:20.976Z] [OUTPUT] #9 [builder 3/8] COPY package*.json ./
[2026-07-31T00:32:20.976Z] [OUTPUT] #9 DONE 0.1s
[2026-07-31T00:32:21.131Z] [OUTPUT] #10 [builder 4/8] RUN npm install -g pnpm
[2026-07-31T00:32:24.179Z] [OUTPUT] #10 3.197
[2026-07-31T00:32:24.179Z] [OUTPUT] #10 3.197 added 1 package in 2s
[2026-07-31T00:32:24.180Z] [OUTPUT] #10 3.197
[2026-07-31T00:32:24.180Z] [OUTPUT] #10 3.197 1 package is looking for funding
[2026-07-31T00:32:24.180Z] [OUTPUT] #10 3.197   run `npm fund` for details
[2026-07-31T00:32:24.328Z] [OUTPUT] #10 3.198 npm notice
[2026-07-31T00:32:24.329Z] [OUTPUT] #10 3.198 npm notice New major version of npm available! 10.8.2 -> 12.0.2
[2026-07-31T00:32:24.329Z] [OUTPUT] #10 3.198 npm notice Changelog: https://github.com/npm/cli/releases/tag/v12.0.2
[2026-07-31T00:32:24.329Z] [OUTPUT] #10 3.198 npm notice To update run: npm install -g npm@12.0.2
[2026-07-31T00:32:24.329Z] [OUTPUT] #10 3.198 npm notice
[2026-07-31T00:32:24.329Z] [OUTPUT] #10 DONE 3.3s
[2026-07-31T00:32:24.445Z] [OUTPUT] #11 [builder 5/8] COPY pnpm-lock.yaml ./
[2026-07-31T00:32:24.445Z] [OUTPUT] #11 DONE 0.1s
[2026-07-31T00:32:24.603Z] [OUTPUT] #12 [builder 6/8] RUN pnpm install --frozen-lockfile
[2026-07-31T00:32:25.802Z] [OUTPUT] #12 1.351 Lockfile is up to date, resolution step is skipped
[2026-07-31T00:32:26.033Z] [OUTPUT] #12 1.432 Progress: resolved 1, reused 0, downloaded 0, added 0
[2026-07-31T00:32:26.361Z] [OUTPUT] #12 1.910 Packages: +421
[2026-07-31T00:32:26.361Z] [OUTPUT] #12 1.910 ++++++++++++++++++++++++++++++++++++++++++++++++++++++++++++++++++++++++++++++++
[2026-07-31T00:32:26.898Z] [OUTPUT] #12 2.447 Progress: resolved 421, reused 0, downloaded 0, added 0
[2026-07-31T00:32:27.905Z] [OUTPUT] #12 3.454 Progress: resolved 421, reused 0, downloaded 67, added 32
[2026-07-31T00:32:28.284Z] [OUTPUT] #12 3.833
[2026-07-31T00:32:28.285Z] [OUTPUT] #12 3.833    ╭──────────────────────────────────────────╮
[2026-07-31T00:32:28.285Z] [OUTPUT] #12 3.833    │                                          │
[2026-07-31T00:32:28.285Z] [OUTPUT] #12 3.833    │   Update available! 10.34.5 → 11.18.0.   │
[2026-07-31T00:32:28.285Z] [OUTPUT] #12 3.833    │   Changelog: https://pnpm.io/v/11.18.0   │
[2026-07-31T00:32:28.285Z] [OUTPUT] #12 3.833    │     To update, run: pnpm add -g pnpm     │
[2026-07-31T00:32:28.286Z] [OUTPUT] #12 3.833    │                                          │
[2026-07-31T00:32:28.286Z] [OUTPUT] #12 3.833    ╰──────────────────────────────────────────╯
[2026-07-31T00:32:28.286Z] [OUTPUT] #12 3.833
[2026-07-31T00:32:28.905Z] [OUTPUT] #12 4.455 Progress: resolved 421, reused 0, downloaded 115, added 115
[2026-07-31T00:32:29.790Z] [OUTPUT] #12 5.340  WARN  Tarball download average speed 19 KiB/s (size 27 KiB) is below 50 KiB/s: https://registry.npmjs.org/@radix-ui/react-tooltip/-/react-tooltip-1.2.8.tgz (GET)
[2026-07-31T00:32:29.905Z] [OUTPUT] #12 5.425  WARN  Tarball download average speed 15 KiB/s (size 25 KiB) is below 50 KiB/s: https://registry.npmjs.org/dom-helpers/-/dom-helpers-5.2.1.tgz (GET)
[2026-07-31T00:32:29.905Z] [OUTPUT] #12 5.455 Progress: resolved 421, reused 0, downloaded 153, added 153
[2026-07-31T00:32:30.908Z] [OUTPUT] #12 6.457 Progress: resolved 421, reused 0, downloaded 207, added 207
[2026-07-31T00:32:31.357Z] [OUTPUT] #12 6.907  WARN  Tarball download average speed 21 KiB/s (size 34 KiB) is below 50 KiB/s: https://registry.npmjs.org/source-map-js/-/source-map-js-1.2.1.tgz (GET)
[2026-07-31T00:32:31.531Z] [OUTPUT] #12 7.081  WARN  Tarball download average speed 20 KiB/s (size 74 KiB) is below 50 KiB/s: https://registry.npmjs.org/@tanstack/react-query/-/react-query-5.90.8.tgz (GET)
[2026-07-31T00:32:31.854Z] [OUTPUT] #12 7.404  WARN  Tarball download average speed 13 KiB/s (size 47 KiB) is below 50 KiB/s: https://registry.npmjs.org/react-transition-group/-/react-transition-group-4.4.5.tgz (GET)
[2026-07-31T00:32:31.957Z] [OUTPUT] #12 7.457 Progress: resolved 421, reused 0, downloaded 225, added 223
[2026-07-31T00:32:31.957Z] [OUTPUT] #12 7.507  WARN  Tarball download average speed 3 KiB/s (size 5 KiB) is below 50 KiB/s: https://registry.npmjs.org/fill-range/-/fill-range-7.1.1.tgz (GET)
[2026-07-31T00:32:32.212Z] [OUTPUT] #12 7.763  WARN  Tarball download average speed 39 KiB/s (size 60 KiB) is below 50 KiB/s: https://registry.npmjs.org/minipass/-/minipass-7.1.2.tgz (GET)
[2026-07-31T00:32:32.908Z] [OUTPUT] #12 8.458 Progress: resolved 421, reused 0, downloaded 257, added 257
[2026-07-31T00:32:33.908Z] [OUTPUT] #12 9.458 Progress: resolved 421, reused 0, downloaded 264, added 264
[2026-07-31T00:32:34.908Z] [OUTPUT] #12 10.46 Progress: resolved 421, reused 0, downloaded 275, added 275
[2026-07-31T00:32:35.190Z] [OUTPUT] #12 10.74  WARN  Tarball download average speed 5 KiB/s (size 40 KiB) is below 50 KiB/s: https://registry.npmjs.org/@radix-ui/react-toast/-/react-toast-1.2.15.tgz (GET)
[2026-07-31T00:32:35.634Z] [OUTPUT] #12 11.18  WARN  Tarball download average speed 4 KiB/s (size 32 KiB) is below 50 KiB/s: https://registry.npmjs.org/d3-scale/-/d3-scale-4.0.2.tgz (GET)
[2026-07-31T00:32:35.909Z] [OUTPUT] #12 11.46 Progress: resolved 421, reused 0, downloaded 294, added 294
[2026-07-31T00:32:36.077Z] [OUTPUT] #12 11.63  WARN  Tarball download average speed 27 KiB/s (size 218 KiB) is below 50 KiB/s: https://registry.npmjs.org/react-resizable-panels/-/react-resizable-panels-2.1.9.tgz (GET)
[2026-07-31T00:32:36.562Z] [OUTPUT] #12 12.11  WARN  Tarball download average speed 2 KiB/s (size 7 KiB) is below 50 KiB/s: https://registry.npmjs.org/@jridgewell/source-map/-/source-map-0.3.11.tgz (GET)
[2026-07-31T00:32:36.699Z] [OUTPUT] #12 12.25  WARN  Tarball download average speed 25 KiB/s (size 213 KiB) is below 50 KiB/s: https://registry.npmjs.org/react-router/-/react-router-6.30.1.tgz (GET)
[2026-07-31T00:32:36.864Z] [OUTPUT] #12 12.41  WARN  Tarball download average speed 18 KiB/s (size 26 KiB) is below 50 KiB/s: https://registry.npmjs.org/source-map-support/-/source-map-support-0.5.21.tgz (GET)
[2026-07-31T00:32:37.073Z] [OUTPUT] #12 12.46 Progress: resolved 421, reused 0, downloaded 360, added 360
[2026-07-31T00:32:37.073Z] [OUTPUT] #12 12.47  WARN  Tarball download average speed 27 KiB/s (size 189 KiB) is below 50 KiB/s: https://registry.npmjs.org/sucrase/-/sucrase-3.35.0.tgz (GET)
[2026-07-31T00:32:37.908Z] [OUTPUT] #12 13.46 Progress: resolved 421, reused 0, downloaded 365, added 365
[2026-07-31T00:32:38.711Z] [OUTPUT] #12 14.26  WARN  Tarball download average speed 11 KiB/s (size 121 KiB) is below 50 KiB/s: https://registry.npmjs.org/file-selector/-/file-selector-2.1.2.tgz (GET)
[2026-07-31T00:32:38.908Z] [OUTPUT] #12 14.46 Progress: resolved 421, reused 0, downloaded 381, added 381
[2026-07-31T00:32:39.779Z] [OUTPUT] #12 15.33  WARN  Tarball download average speed 27 KiB/s (size 41 KiB) is below 50 KiB/s: https://registry.npmjs.org/@typescript-eslint/utils/-/utils-8.46.4.tgz (GET)
[2026-07-31T00:32:39.908Z] [OUTPUT] #12 15.46 Progress: resolved 421, reused 0, downloaded 384, added 384
[2026-07-31T00:32:40.655Z] [OUTPUT] #12 16.21  WARN  Tarball download average speed 15 KiB/s (size 50 KiB) is below 50 KiB/s: https://registry.npmjs.org/ts-api-utils/-/ts-api-utils-2.1.0.tgz (GET)
[2026-07-31T00:32:40.907Z] [OUTPUT] #12 16.46 Progress: resolved 421, reused 0, downloaded 389, added 389
[2026-07-31T00:32:41.645Z] [OUTPUT] #12 17.20  WARN  Tarball download average speed 0 KiB/s (size 11 KiB) is below 50 KiB/s: https://registry.npmjs.org/@radix-ui/react-hover-card/-/react-hover-card-1.1.15.tgz (GET)
[2026-07-31T00:32:41.810Z] [OUTPUT] #12 17.36  WARN  Tarball download average speed 22 KiB/s (size 311 KiB) is below 50 KiB/s: https://registry.npmjs.org/lodash/-/lodash-4.17.21.tgz (GET)
[2026-07-31T00:32:42.058Z] [OUTPUT] #12 17.46 Progress: resolved 421, reused 0, downloaded 390, added 390
[2026-07-31T00:32:42.788Z] [OUTPUT] #12 18.34  WARN  Tarball download average speed 1 KiB/s (size 23 KiB) is below 50 KiB/s: https://registry.npmjs.org/picomatch/-/picomatch-2.3.1.tgz (GET)
[2026-07-31T00:32:42.907Z] [OUTPUT] #12 18.46 Progress: resolved 421, reused 0, downloaded 393, added 393
[2026-07-31T00:32:43.151Z] [OUTPUT] #12 18.70  WARN  Tarball download average speed 7 KiB/s (size 108 KiB) is below 50 KiB/s: https://registry.npmjs.org/react-day-picker/-/react-day-picker-9.11.1.tgz (GET)
[2026-07-31T00:32:43.825Z] [OUTPUT] #12 19.38  WARN  Tarball download average speed 17 KiB/s (size 131 KiB) is below 50 KiB/s: https://registry.npmjs.org/@eslint/eslintrc/-/eslintrc-3.3.1.tgz (GET)
[2026-07-31T00:32:44.069Z] [OUTPUT] #12 19.47  WARN  Tarball download average speed 4 KiB/s (size 30 KiB) is below 50 KiB/s: https://registry.npmjs.org/esbuild/-/esbuild-0.25.12.tgz (GET)
[2026-07-31T00:32:44.070Z] [OUTPUT] #12 19.47 Progress: resolved 421, reused 0, downloaded 397, added 397
[2026-07-31T00:32:48.258Z] [OUTPUT] #12 23.81 Progress: resolved 421, reused 0, downloaded 398, added 397
[2026-07-31T00:32:49.162Z] [OUTPUT] #12 24.71  WARN  Tarball download average speed 10 KiB/s (size 230 KiB) is below 50 KiB/s: https://registry.npmjs.org/react-router-dom/-/react-router-dom-6.30.1.tgz (GET)
[2026-07-31T00:32:49.409Z] [OUTPUT] #12 24.81 Progress: resolved 421, reused 0, downloaded 401, added 401
[2026-07-31T00:32:49.441Z] [OUTPUT] #12 24.99  WARN  Tarball download average speed 9 KiB/s (size 164 KiB) is below 50 KiB/s: https://registry.npmjs.org/@babel/traverse/-/traverse-7.28.5.tgz (GET)
[2026-07-31T00:32:50.191Z] [OUTPUT] #12 25.74  WARN  Tarball download average speed 23 KiB/s (size 527 KiB) is below 50 KiB/s: https://registry.npmjs.org/prismjs/-/prismjs-1.30.0.tgz (GET)
[2026-07-31T00:32:50.410Z] [OUTPUT] #12 25.81 Progress: resolved 421, reused 0, downloaded 403, added 403
[2026-07-31T00:32:50.982Z] [OUTPUT] #12 26.53  WARN  Tarball download average speed 3 KiB/s (size 68 KiB) is below 50 KiB/s: https://registry.npmjs.org/sonner/-/sonner-1.7.4.tgz (GET)
[2026-07-31T00:32:51.261Z] [OUTPUT] #12 26.81 Progress: resolved 421, reused 0, downloaded 405, added 405
[2026-07-31T00:32:51.425Z] [OUTPUT] #12 26.83  WARN  Tarball download average speed 3 KiB/s (size 53 KiB) is below 50 KiB/s: https://registry.npmjs.org/eslint-plugin-react-hooks/-/eslint-plugin-react-hooks-5.2.0.tgz (GET)
[2026-07-31T00:32:52.260Z] [OUTPUT] #12 27.81 Progress: resolved 421, reused 0, downloaded 407, added 407
[2026-07-31T00:32:53.076Z] [OUTPUT] #12 28.63  WARN  Tarball download average speed 11 KiB/s (size 281 KiB) is below 50 KiB/s: https://registry.npmjs.org/@tanstack/query-core/-/query-core-5.90.8.tgz (GET)
[2026-07-31T00:32:53.260Z] [OUTPUT] #12 28.81 Progress: resolved 421, reused 0, downloaded 408, added 408
[2026-07-31T00:32:54.291Z] [OUTPUT] #12 29.84  WARN  Tarball download average speed 7 KiB/s (size 161 KiB) is below 50 KiB/s: https://registry.npmjs.org/@vue/compiler-dom/-/compiler-dom-3.5.24.tgz (GET)
[2026-07-31T00:32:54.469Z] [OUTPUT] #12 29.87 Progress: resolved 421, reused 0, downloaded 409, added 408
[2026-07-31T00:32:54.772Z] [OUTPUT] #12 30.32  WARN  Tarball download average speed 6 KiB/s (size 138 KiB) is below 50 KiB/s: https://registry.npmjs.org/@metagptx/vite-plugin-source-locator/-/vite-plugin-source-locator-0.0.6.tgz (GET)
[2026-07-31T00:32:54.984Z] [OUTPUT] #12 30.38  WARN  Tarball download average speed 1 KiB/s (size 29 KiB) is below 50 KiB/s: https://registry.npmjs.org/esbuild/-/esbuild-0.21.5.tgz (GET)
[2026-07-31T00:32:55.320Z] [OUTPUT] #12 30.87 Progress: resolved 421, reused 0, downloaded 411, added 411
[2026-07-31T00:32:56.040Z] [OUTPUT] #12 31.59  WARN  Tarball download average speed 4 KiB/s (size 126 KiB) is below 50 KiB/s: https://registry.npmjs.org/tailwind-merge/-/tailwind-merge-2.6.0.tgz (GET)
[2026-07-31T00:32:56.321Z] [OUTPUT] #12 31.87 Progress: resolved 421, reused 0, downloaded 412, added 412
[2026-07-31T00:32:56.605Z] [OUTPUT] #12 32.15  WARN  Tarball download average speed 0 KiB/s (size 17 KiB) is below 50 KiB/s: https://registry.npmjs.org/d3-interpolate/-/d3-interpolate-3.0.1.tgz (GET)
[2026-07-31T00:32:56.773Z] [OUTPUT] #12 32.17  WARN  Tarball download average speed 1 KiB/s (size 38 KiB) is below 50 KiB/s: https://registry.npmjs.org/@radix-ui/react-scroll-area/-/react-scroll-area-1.2.10.tgz (GET)
[2026-07-31T00:32:56.917Z] [OUTPUT] #12 32.47  WARN  Tarball download average speed 1 KiB/s (size 50 KiB) is below 50 KiB/s: https://registry.npmjs.org/@supabase/functions-js/-/functions-js-2.81.1.tgz (GET)
[2026-07-31T00:32:57.105Z] [OUTPUT] #12 32.50  WARN  Tarball download average speed 1 KiB/s (size 17 KiB) is below 50 KiB/s: https://registry.npmjs.org/@babel/template/-/template-7.27.2.tgz (GET)
[2026-07-31T00:32:57.141Z] [OUTPUT] #12 32.69  WARN  Tarball download average speed 0 KiB/s (size 10 KiB) is below 50 KiB/s: https://registry.npmjs.org/next-themes/-/next-themes-0.4.6.tgz (GET)
[2026-07-31T00:32:57.320Z] [OUTPUT] #12 32.87 Progress: resolved 421, reused 0, downloaded 417, added 417
[2026-07-31T00:32:58.443Z] [OUTPUT] #12 33.99  WARN  Tarball download average speed 0 KiB/s (size 22 KiB) is below 50 KiB/s: https://registry.npmjs.org/prop-types/-/prop-types-15.8.1.tgz (GET)
[2026-07-31T00:32:58.603Z] [OUTPUT] #12 34.00 Progress: resolved 421, reused 0, downloaded 418, added 417
[2026-07-31T00:32:59.452Z] [OUTPUT] #12 35.00 Progress: resolved 421, reused 0, downloaded 418, added 418
[2026-07-31T00:33:00.454Z] [OUTPUT] #12 36.00 Progress: resolved 421, reused 0, downloaded 419, added 419
[2026-07-31T00:33:02.007Z] [OUTPUT] #12 37.56  WARN  Tarball download average speed 20 KiB/s (size 700 KiB) is below 50 KiB/s: https://registry.npmjs.org/framer-motion/-/framer-motion-11.18.2.tgz (GET)
[2026-07-31T00:33:02.250Z] [OUTPUT] #12 37.65 Progress: resolved 421, reused 0, downloaded 420, added 419
[2026-07-31T00:33:03.100Z] [OUTPUT] #12 38.65 Progress: resolved 421, reused 0, downloaded 420, added 420
[2026-07-31T00:33:16.688Z] [OUTPUT] #12 52.24  WARN  Tarball download average speed 1 KiB/s (size 66 KiB) is below 50 KiB/s: https://registry.npmjs.org/fast-equals/-/fast-equals-5.3.3.tgz (GET)
[2026-07-31T00:33:16.862Z] [OUTPUT] #12 52.26 Progress: resolved 421, reused 0, downloaded 421, added 420
[2026-07-31T00:33:16.862Z] [OUTPUT] #12 52.26 Progress: resolved 421, reused 0, downloaded 421, added 421, done
[2026-07-31T00:33:17.188Z] [OUTPUT] #12 52.74
[2026-07-31T00:33:17.189Z] [OUTPUT] #12 52.74 dependencies:
[2026-07-31T00:33:17.189Z] [OUTPUT] #12 52.74 + @hookform/resolvers 3.10.0
[2026-07-31T00:33:17.189Z] [OUTPUT] #12 52.74 + @radix-ui/react-accordion 1.2.12
[2026-07-31T00:33:17.189Z] [OUTPUT] #12 52.74 + @radix-ui/react-alert-dialog 1.1.15
[2026-07-31T00:33:17.189Z] [OUTPUT] #12 52.74 + @radix-ui/react-aspect-ratio 1.1.8
[2026-07-31T00:33:17.189Z] [OUTPUT] #12 52.74 + @radix-ui/react-avatar 1.1.11
[2026-07-31T00:33:17.189Z] [OUTPUT] #12 52.74 + @radix-ui/react-checkbox 1.3.3
[2026-07-31T00:33:17.189Z] [OUTPUT] #12 52.74 + @radix-ui/react-collapsible 1.1.12
[2026-07-31T00:33:17.189Z] [OUTPUT] #12 52.74 + @radix-ui/react-context-menu 2.2.16
[2026-07-31T00:33:17.189Z] [OUTPUT] #12 52.74 + @radix-ui/react-dialog 1.1.15
[2026-07-31T00:33:17.190Z] [OUTPUT] #12 52.74 + @radix-ui/react-dropdown-menu 2.1.16
[2026-07-31T00:33:17.190Z] [OUTPUT] #12 52.74 + @radix-ui/react-hover-card 1.1.15
[2026-07-31T00:33:17.190Z] [OUTPUT] #12 52.74 + @radix-ui/react-label 2.1.8
[2026-07-31T00:33:17.190Z] [OUTPUT] #12 52.74 + @radix-ui/react-menubar 1.1.16
[2026-07-31T00:33:17.190Z] [OUTPUT] #12 52.74 + @radix-ui/react-navigation-menu 1.2.14
[2026-07-31T00:33:17.190Z] [OUTPUT] #12 52.74 + @radix-ui/react-popover 1.1.15
[2026-07-31T00:33:17.190Z] [OUTPUT] #12 52.74 + @radix-ui/react-progress 1.1.8
[2026-07-31T00:33:17.190Z] [OUTPUT] #12 52.74 + @radix-ui/react-radio-group 1.3.8
[2026-07-31T00:33:17.190Z] [OUTPUT] #12 52.74 + @radix-ui/react-select 2.2.6
[2026-07-31T00:33:17.190Z] [OUTPUT] #12 52.74 + @radix-ui/react-separator 1.1.8
[2026-07-31T00:33:17.190Z] [OUTPUT] #12 52.74 + @radix-ui/react-scroll-area 1.2.10
[2026-07-31T00:33:17.190Z] [OUTPUT] #12 52.74 + @radix-ui/react-slider 1.3.6
[2026-07-31T00:33:17.190Z] [OUTPUT] #12 52.74 + @radix-ui/react-slot 1.2.4
[2026-07-31T00:33:17.190Z] [OUTPUT] #12 52.74 + @radix-ui/react-switch 1.2.6
[2026-07-31T00:33:17.191Z] [OUTPUT] #12 52.74 + @radix-ui/react-tabs 1.1.13
[2026-07-31T00:33:17.191Z] [OUTPUT] #12 52.74 + @radix-ui/react-toast 1.2.15
[2026-07-31T00:33:17.191Z] [OUTPUT] #12 52.74 + @radix-ui/react-toggle 1.1.10
[2026-07-31T00:33:17.191Z] [OUTPUT] #12 52.74 + @radix-ui/react-toggle-group 1.1.11
[2026-07-31T00:33:17.191Z] [OUTPUT] #12 52.74 + @radix-ui/react-tooltip 1.2.8
[2026-07-31T00:33:17.191Z] [OUTPUT] #12 52.74 + @tanstack/react-query 5.90.8
[2026-07-31T00:33:17.191Z] [OUTPUT] #12 52.74 + @supabase/supabase-js 2.81.1
[2026-07-31T00:33:17.191Z] [OUTPUT] #12 52.74 + class-variance-authority 0.7.1
[2026-07-31T00:33:17.191Z] [OUTPUT] #12 52.74 + clsx 2.1.1
[2026-07-31T00:33:17.191Z] [OUTPUT] #12 52.74 + cmdk 1.1.1
[2026-07-31T00:33:17.191Z] [OUTPUT] #12 52.74 + date-fns 3.6.0
[2026-07-31T00:33:17.191Z] [OUTPUT] #12 52.74 + embla-carousel-react 8.6.0
[2026-07-31T00:33:17.191Z] [OUTPUT] #12 52.74 + framer-motion 11.18.2
[2026-07-31T00:33:17.191Z] [OUTPUT] #12 52.74 + input-otp 1.4.2
[2026-07-31T00:33:17.191Z] [OUTPUT] #12 52.74 + lucide-react 0.462.0
[2026-07-31T00:33:17.191Z] [OUTPUT] #12 52.74 + next-themes 0.4.6
[2026-07-31T00:33:17.191Z] [OUTPUT] #12 52.74 + react 19.2.0
[2026-07-31T00:33:17.191Z] [OUTPUT] #12 52.74 + prismjs 1.30.0
[2026-07-31T00:33:17.192Z] [OUTPUT] #12 52.74 + react-day-picker 9.11.1
[2026-07-31T00:33:17.192Z] [OUTPUT] #12 52.74 + react-dom 19.2.0
[2026-07-31T00:33:17.192Z] [OUTPUT] #12 52.74 + react-dropzone 14.3.8
[2026-07-31T00:33:17.192Z] [OUTPUT] #12 52.74 + react-error-boundary 4.1.2
[2026-07-31T00:33:17.192Z] [OUTPUT] #12 52.74 + react-hook-form 7.66.0
[2026-07-31T00:33:17.192Z] [OUTPUT] #12 52.74 + react-resizable-panels 2.1.9
[2026-07-31T00:33:17.192Z] [OUTPUT] #12 52.74 + react-router-dom 6.30.1
[2026-07-31T00:33:17.192Z] [OUTPUT] #12 52.74 + recharts 2.15.4
[2026-07-31T00:33:17.192Z] [OUTPUT] #12 52.74 + sonner 1.7.4
[2026-07-31T00:33:17.192Z] [OUTPUT] #12 52.74 + tailwind-merge 2.6.0
[2026-07-31T00:33:17.192Z] [OUTPUT] #12 52.74 + tailwindcss-animate 1.0.7
[2026-07-31T00:33:17.192Z] [OUTPUT] #12 52.74 + uuid 10.0.0
[2026-07-31T00:33:17.192Z] [OUTPUT] #12 52.74 + vaul 1.1.2
[2026-07-31T00:33:17.192Z] [OUTPUT] #12 52.74 + zod 3.25.76
[2026-07-31T00:33:17.192Z] [OUTPUT] #12 52.74 + zustand 4.5.7
[2026-07-31T00:33:17.192Z] [OUTPUT] #12 52.74
[2026-07-31T00:33:17.192Z] [OUTPUT] #12 52.74 devDependencies:
[2026-07-31T00:33:17.193Z] [OUTPUT] #12 52.74 + @eslint/js 9.39.1
[2026-07-31T00:33:17.193Z] [OUTPUT] #12 52.74 + @metagptx/vite-plugin-source-locator 0.0.6
[2026-07-31T00:33:17.193Z] [OUTPUT] #12 52.74 + @tailwindcss/aspect-ratio 0.4.2
[2026-07-31T00:33:17.193Z] [OUTPUT] #12 52.74 + @tailwindcss/typography 0.5.19
[2026-07-31T00:33:17.193Z] [OUTPUT] #12 52.74 + @types/node 22.19.1
[2026-07-31T00:33:17.193Z] [OUTPUT] #12 52.74 + @types/react 19.2.4
[2026-07-31T00:33:17.193Z] [OUTPUT] #12 52.74 + @types/react-dom 19.2.3
[2026-07-31T00:33:17.193Z] [OUTPUT] #12 52.74 + @vitejs/plugin-react-swc 3.11.0
[2026-07-31T00:33:17.193Z] [OUTPUT] #12 52.74 + autoprefixer 10.4.22
[2026-07-31T00:33:17.193Z] [OUTPUT] #12 52.74 + eslint 9.39.1
[2026-07-31T00:33:17.193Z] [OUTPUT] #12 52.74 + eslint-plugin-react-hooks 5.2.0
[2026-07-31T00:33:17.193Z] [OUTPUT] #12 52.74 + eslint-plugin-react-refresh 0.4.24
[2026-07-31T00:33:17.193Z] [OUTPUT] #12 52.74 + globals 15.15.0
[2026-07-31T00:33:17.193Z] [OUTPUT] #12 52.74 + lovable-tagger 1.1.11
[2026-07-31T00:33:17.193Z] [OUTPUT] #12 52.74 + postcss 8.5.6
[2026-07-31T00:33:17.193Z] [OUTPUT] #12 52.74 + tailwindcss 3.4.18
[2026-07-31T00:33:17.194Z] [OUTPUT] #12 52.74 + typescript 5.9.3
[2026-07-31T00:33:17.194Z] [OUTPUT] #12 52.74 + typescript-eslint 8.46.4
[2026-07-31T00:33:17.194Z] [OUTPUT] #12 52.74 + vite 5.4.21
[2026-07-31T00:33:17.194Z] [OUTPUT] #12 52.74
[2026-07-31T00:33:17.313Z] [OUTPUT] #12 52.79 ╭ Warning ─────────────────────────────────────────────────────────────────────╮
[2026-07-31T00:33:17.313Z] [OUTPUT] #12 52.79 │                                                                              │
[2026-07-31T00:33:17.314Z] [OUTPUT] #12 52.79 │   Ignored build scripts: @metagptx/vite-plugin-source-locator@0.0.6,         │
[2026-07-31T00:33:17.314Z] [OUTPUT] #12 52.79 │   @swc/core@1.15.1, esbuild@0.21.5, esbuild@0.25.12.                         │
[2026-07-31T00:33:17.314Z] [OUTPUT] #12 52.79 │   Run "pnpm approve-builds" to pick which dependencies should be allowed     │
[2026-07-31T00:33:17.314Z] [OUTPUT] #12 52.79 │   to run scripts.                                                            │
[2026-07-31T00:33:17.314Z] [OUTPUT] #12 52.79 │                                                                              │
[2026-07-31T00:33:17.314Z] [OUTPUT] #12 52.79 ╰──────────────────────────────────────────────────────────────────────────────╯
[2026-07-31T00:33:17.314Z] [OUTPUT] #12 52.86 Done in 52.2s using pnpm v10.34.5
[2026-07-31T00:33:17.627Z] [OUTPUT] #12 DONE 53.2s
[2026-07-31T00:33:17.784Z] [OUTPUT] #13 [builder 7/8] COPY . .
[2026-07-31T00:33:18.183Z] [OUTPUT] #13 DONE 0.5s
[2026-07-31T00:33:18.340Z] [OUTPUT] #14 [builder 8/8] RUN pnpm run build
[2026-07-31T00:33:19.476Z] [OUTPUT] #14 1.287
[2026-07-31T00:33:19.476Z] [OUTPUT] #14 1.287 > ghost-entertainment@0.0.0 build /app
[2026-07-31T00:33:19.476Z] [OUTPUT] #14 1.287 > vite build
[2026-07-31T00:33:19.477Z] [OUTPUT] #14 1.287
[2026-07-31T00:33:19.804Z] [OUTPUT] #14 1.614 vite v5.4.21 building for production...
[2026-07-31T00:33:20.109Z] [OUTPUT] #14 1.919 [baseline-browser-mapping] The data in this module is over two months old.  To ensure accurate Baseline data, please update: `npm i baseline-browser-mapping@latest -D`
[2026-07-31T00:33:20.315Z] [OUTPUT] #14 2.126 transforming...
[2026-07-31T00:33:20.445Z] [OUTPUT] #14 2.148 ✓ 2 modules transformed.
[2026-07-31T00:33:20.446Z] [OUTPUT] #14 2.157 x Build failed in 498ms
[2026-07-31T00:33:20.446Z] [OUTPUT] #14 2.157 error during build:
[2026-07-31T00:33:20.446Z] [OUTPUT] #14 2.157 [vite]: Rollup failed to resolve import "/src/main.tsx" from "/app/index.html".
[2026-07-31T00:33:20.446Z] [OUTPUT] #14 2.157 This is most likely unintended because it can break your application at runtime.
[2026-07-31T00:33:20.446Z] [OUTPUT] #14 2.157 If you do want to externalize this module explicitly add it to
[2026-07-31T00:33:20.446Z] [OUTPUT] #14 2.157 `build.rollupOptions.external`
[2026-07-31T00:33:20.446Z] [OUTPUT] #14 2.157     at viteWarn (file:///app/node_modules/.pnpm/vite@5.4.21_@types+node@22.19.1_terser@5.44.1/node_modules/vite/dist/node/chunks/dep-BK3b2jBa.js:65855:17)
[2026-07-31T00:33:20.446Z] [OUTPUT] #14 2.157     at onwarn (file:///app/node_modules/.pnpm/@vitejs+plugin-react-swc@3.11.0_vite@5.4.21_@types+node@22.19.1_terser@5.44.1_/node_modules/@vitejs/plugin-react-swc/index.js:90:7)
[2026-07-31T00:33:20.446Z] [OUTPUT] #14 2.157     at onRollupWarning (file:///app/node_modules/.pnpm/vite@5.4.21_@types+node@22.19.1_terser@5.44.1/node_modules/vite/dist/node/chunks/dep-BK3b2jBa.js:65885:5)
[2026-07-31T00:33:20.446Z] [OUTPUT] #14 2.157     at onwarn (file:///app/node_modules/.pnpm/vite@5.4.21_@types+node@22.19.1_terser@5.44.1/node_modules/vite/dist/node/chunks/dep-BK3b2jBa.js:65550:7)
[2026-07-31T00:33:20.446Z] [OUTPUT] #14 2.157     at file:///app/node_modules/.pnpm/rollup@4.53.2/node_modules/rollup/dist/es/shared/node-entry.js:20961:13
[2026-07-31T00:33:20.446Z] [OUTPUT] #14 2.157     at Object.logger [as onLog] (file:///app/node_modules/.pnpm/rollup@4.53.2/node_modules/rollup/dist/es/shared/node-entry.js:22834:9)
[2026-07-31T00:33:20.446Z] [OUTPUT] #14 2.157     at ModuleLoader.handleInvalidResolvedId (file:///app/node_modules/.pnpm/rollup@4.53.2/node_modules/rollup/dist/es/shared/node-entry.js:21578:26)
[2026-07-31T00:33:20.446Z] [OUTPUT] #14 2.157     at file:///app/node_modules/.pnpm/rollup@4.53.2/node_modules/rollup/dist/es/shared/node-entry.js:21536:26
[2026-07-31T00:33:20.446Z] [OUTPUT] #14 2.192  ELIFECYCLE  Command failed with exit code 1.
[2026-07-31T00:33:20.446Z] [OUTPUT] #14 ERROR: process "/bin/sh -c pnpm run build" did not complete successfully: exit code: 1
[2026-07-31T00:33:20.604Z] [OUTPUT] ------
[2026-07-31T00:33:20.604Z] [OUTPUT] > [builder 8/8] RUN pnpm run build:
[2026-07-31T00:33:20.604Z] [OUTPUT] 2.157 `build.rollupOptions.external`
[2026-07-31T00:33:20.604Z] [OUTPUT] 2.157     at viteWarn (file:///app/node_modules/.pnpm/vite@5.4.21_@types+node@22.19.1_terser@5.44.1/node_modules/vite/dist/node/chunks/dep-BK3b2jBa.js:65855:17)
[2026-07-31T00:33:20.604Z] [OUTPUT] 2.157     at onwarn (file:///app/node_modules/.pnpm/@vitejs+plugin-react-swc@3.11.0_vite@5.4.21_@types+node@22.19.1_terser@5.44.1_/node_modules/@vitejs/plugin-react-swc/index.js:90:7)
[2026-07-31T00:33:20.604Z] [OUTPUT] 2.157     at onRollupWarning (file:///app/node_modules/.pnpm/vite@5.4.21_@types+node@22.19.1_terser@5.44.1/node_modules/vite/dist/node/chunks/dep-BK3b2jBa.js:65885:5)
[2026-07-31T00:33:20.604Z] [OUTPUT] 2.157     at onwarn (file:///app/node_modules/.pnpm/vite@5.4.21_@types+node@22.19.1_terser@5.44.1/node_modules/vite/dist/node/chunks/dep-BK3b2jBa.js:65550:7)
[2026-07-31T00:33:20.604Z] [OUTPUT] 2.157     at file:///app/node_modules/.pnpm/rollup@4.53.2/node_modules/rollup/dist/es/shared/node-entry.js:20961:13
[2026-07-31T00:33:20.604Z] [OUTPUT] 2.157     at Object.logger [as onLog] (file:///app/node_modules/.pnpm/rollup@4.53.2/node_modules/rollup/dist/es/shared/node-entry.js:22834:9)
[2026-07-31T00:33:20.604Z] [OUTPUT] 2.157     at ModuleLoader.handleInvalidResolvedId (file:///app/node_modules/.pnpm/rollup@4.53.2/node_modules/rollup/dist/es/shared/node-entry.js:21578:26)
[2026-07-31T00:33:20.605Z] [OUTPUT] 2.157     at file:///app/node_modules/.pnpm/rollup@4.53.2/node_modules/rollup/dist/es/shared/node-entry.js:21536:26
[2026-07-31T00:33:20.605Z] [OUTPUT] 2.192  ELIFECYCLE  Command failed with exit code 1.
[2026-07-31T00:33:20.605Z] [OUTPUT] ------
[2026-07-31T00:33:20.645Z] [OUTPUT] Dockerfile:10
[2026-07-31T00:33:20.646Z] [OUTPUT] --------------------
[2026-07-31T00:33:20.646Z] [OUTPUT] 8 |     RUN pnpm install --frozen-lockfile
[2026-07-31T00:33:20.646Z] [OUTPUT] 9 |     COPY . .
[2026-07-31T00:33:20.646Z] [OUTPUT] 10 | >>> RUN pnpm run build
[2026-07-31T00:33:20.646Z] [OUTPUT] 11 |
[2026-07-31T00:33:20.646Z] [OUTPUT] 12 |     # Production Stage
[2026-07-31T00:33:20.646Z] [OUTPUT] --------------------
[2026-07-31T00:33:20.646Z] [OUTPUT] ERROR: failed to build: failed to solve: process "/bin/sh -c pnpm run build" did not complete successfully: exit code: 1
[2026-07-31T00:33:20.646Z] [OUTPUT] View build details: docker-desktop://dashboard/build/desktop-linux/desktop-linux/owri3lwlv6tfhjurs0gv6vg6a
[2026-07-31T00:33:20.677Z] [ERROR] Deployment failed: Command failed with code 1
