[2026-07-31T12:22:19.815Z] [SYSTEM] Starting deployment process...
[2026-07-31T12:22:19.865Z] [INFO] Cloning branch main from repository...
[2026-07-31T12:22:19.959Z] [OUTPUT] Cloning into 'C:\Users\AYUSHY~1\AppData\Local\Temp\deployx\abcad6eb-72a7-49e4-a92c-efc22110bf37_cc8bc8a2-6c96-4d53-9864-5e026832a989'...
[2026-07-31T12:22:24.918Z] [SUCCESS] Repository cloned successfully.
[2026-07-31T12:22:24.934Z] [INFO] Detecting framework... Framework selected: React (Vite)
[2026-07-31T12:22:24.934Z] [INFO] Writing project Dockerfile configuration...
[2026-07-31T12:22:24.938Z] [SUCCESS] Dockerfile configured.
[2026-07-31T12:22:24.938Z] [INFO] Configuring .dockerignore to ensure all required source files are copied...
[2026-07-31T12:22:24.950Z] [INFO] Building Docker image: deployx-project-abcad6eb-72a7-49e4-a92c-efc22110bf37... This may take a minute.
[2026-07-31T12:22:25.636Z] [OUTPUT] #0 building with "desktop-linux" instance using docker driver
[2026-07-31T12:22:25.637Z] [OUTPUT] #1 [internal] load build definition from Dockerfile
[2026-07-31T12:22:25.637Z] [OUTPUT] #1 transferring dockerfile: 364B 0.0s done
[2026-07-31T12:22:25.638Z] [OUTPUT] #1 DONE 0.1s
[2026-07-31T12:22:25.638Z] [OUTPUT] #2 [internal] load metadata for docker.io/library/node:20-alpine
[2026-07-31T12:22:25.863Z] [OUTPUT] #2 ...
[2026-07-31T12:22:25.863Z] [OUTPUT] #3 [internal] load metadata for docker.io/library/nginx:alpine
[2026-07-31T12:22:25.863Z] [OUTPUT] #3 DONE 0.1s
[2026-07-31T12:22:26.013Z] [OUTPUT] #2 [internal] load metadata for docker.io/library/node:20-alpine
[2026-07-31T12:22:27.560Z] [OUTPUT] #2 DONE 1.9s
[2026-07-31T12:22:27.660Z] [OUTPUT] #4 [internal] load .dockerignore
[2026-07-31T12:22:27.661Z] [OUTPUT] #5 [internal] load build context
[2026-07-31T12:22:27.661Z] [OUTPUT] #4 DONE 0.1s
[2026-07-31T12:22:27.660Z] [OUTPUT] #4 transferring context: 118B done
[2026-07-31T12:22:27.661Z] [OUTPUT] #5 DONE 0.0s
[2026-07-31T12:22:27.661Z] [OUTPUT] #6 [stage-1 1/2] FROM docker.io/library/nginx:alpine@sha256:4a73073bd557c65b759505da037898b61f1be6cbcc3c2c3aeac22d2a470c1752
[2026-07-31T12:22:27.661Z] [OUTPUT] #6 resolve docker.io/library/nginx:alpine@sha256:4a73073bd557c65b759505da037898b61f1be6cbcc3c2c3aeac22d2a470c1752
[2026-07-31T12:22:27.763Z] [OUTPUT] #6 resolve docker.io/library/nginx:alpine@sha256:4a73073bd557c65b759505da037898b61f1be6cbcc3c2c3aeac22d2a470c1752 0.1s done
[2026-07-31T12:22:27.763Z] [OUTPUT] #6 CACHED
[2026-07-31T12:22:27.764Z] [OUTPUT] #7 [builder 1/8] FROM docker.io/library/node:20-alpine@sha256:fb4cd12c85ee03686f6af5362a0b0d56d50c58a04632e6c0fb8363f609372293
[2026-07-31T12:22:27.764Z] [OUTPUT] #7 resolve docker.io/library/node:20-alpine@sha256:fb4cd12c85ee03686f6af5362a0b0d56d50c58a04632e6c0fb8363f609372293 0.1s done
[2026-07-31T12:22:27.764Z] [OUTPUT] #7 DONE 0.1s
[2026-07-31T12:22:27.765Z] [OUTPUT] #5 [internal] load build context
[2026-07-31T12:22:27.980Z] [OUTPUT] #5 transferring context: 567.68kB 0.2s done
[2026-07-31T12:22:27.980Z] [OUTPUT] #5 DONE 0.3s
[2026-07-31T12:22:28.203Z] [OUTPUT] #8 [builder 2/8] WORKDIR /app
[2026-07-31T12:22:28.204Z] [OUTPUT] #8 CACHED
[2026-07-31T12:22:28.204Z] [OUTPUT] #9 [builder 3/8] COPY package*.json ./
[2026-07-31T12:22:28.204Z] [OUTPUT] #9 DONE 0.1s
[2026-07-31T12:22:28.204Z] [OUTPUT] #10 [builder 4/8] RUN npm install -g pnpm
[2026-07-31T12:22:31.305Z] [OUTPUT] #10 3.252
[2026-07-31T12:22:31.306Z] [OUTPUT] #10 3.252 added 1 package in 2s
[2026-07-31T12:22:31.306Z] [OUTPUT] #10 3.252 1 package is looking for funding
[2026-07-31T12:22:31.306Z] [OUTPUT] #10 3.252
[2026-07-31T12:22:31.306Z] [OUTPUT] #10 3.252   run `npm fund` for details
[2026-07-31T12:22:31.499Z] [OUTPUT] #10 3.255 npm notice
[2026-07-31T12:22:31.499Z] [OUTPUT] #10 3.255 npm notice New major version of npm available! 10.8.2 -> 12.0.2
[2026-07-31T12:22:31.499Z] [OUTPUT] #10 3.255 npm notice Changelog: https://github.com/npm/cli/releases/tag/v12.0.2
[2026-07-31T12:22:31.499Z] [OUTPUT] #10 3.255 npm notice To update run: npm install -g npm@12.0.2
[2026-07-31T12:22:31.499Z] [OUTPUT] #10 3.255 npm notice
[2026-07-31T12:22:31.499Z] [OUTPUT] #10 DONE 3.3s
[2026-07-31T12:22:31.499Z] [OUTPUT] #11 [builder 5/8] COPY pnpm-lock.yaml ./
[2026-07-31T12:22:31.499Z] [OUTPUT] #11 DONE 0.1s
[2026-07-31T12:22:31.657Z] [OUTPUT] #12 [builder 6/8] RUN pnpm install --frozen-lockfile
[2026-07-31T12:22:32.711Z] [OUTPUT] #12 1.205 Lockfile is up to date, resolution step is skipped
[2026-07-31T12:22:32.924Z] [OUTPUT] #12 1.267 Progress: resolved 1, reused 0, downloaded 0, added 0
[2026-07-31T12:22:33.113Z] [OUTPUT] #12 1.607 Packages: +421
[2026-07-31T12:22:33.114Z] [OUTPUT] #12 1.607 ++++++++++++++++++++++++++++++++++++++++++++++++++++++++++++++++++++++++++++++++
[2026-07-31T12:22:33.781Z] [OUTPUT] #12 2.274 Progress: resolved 421, reused 0, downloaded 8, added 4
[2026-07-31T12:22:34.063Z] [OUTPUT] #12 2.557
[2026-07-31T12:22:34.063Z] [OUTPUT] #12 2.557    ╭──────────────────────────────────────────╮
[2026-07-31T12:22:34.063Z] [OUTPUT] #12 2.557    │                                          │
[2026-07-31T12:22:34.063Z] [OUTPUT] #12 2.557    │   Update available! 10.34.5 → 11.18.0.   │
[2026-07-31T12:22:34.063Z] [OUTPUT] #12 2.557    │   Changelog: https://pnpm.io/v/11.18.0   │
[2026-07-31T12:22:34.063Z] [OUTPUT] #12 2.557    │     To update, run: pnpm add -g pnpm     │
[2026-07-31T12:22:34.063Z] [OUTPUT] #12 2.557    │                                          │
[2026-07-31T12:22:34.063Z] [OUTPUT] #12 2.557    ╰──────────────────────────────────────────╯
[2026-07-31T12:22:34.063Z] [OUTPUT] #12 2.557
[2026-07-31T12:22:34.780Z] [OUTPUT] #12 3.275 Progress: resolved 421, reused 0, downloaded 100, added 100
[2026-07-31T12:22:35.781Z] [OUTPUT] #12 4.276 Progress: resolved 421, reused 0, downloaded 130, added 130
[2026-07-31T12:22:36.545Z] [OUTPUT] #12 5.039  WARN  Tarball download average speed 21 KiB/s (size 34 KiB) is below 50 KiB/s: https://registry.npmjs.org/recharts-scale/-/recharts-scale-0.4.5.tgz (GET)
[2026-07-31T12:22:36.782Z] [OUTPUT] #12 5.276 Progress: resolved 421, reused 0, downloaded 178, added 178
[2026-07-31T12:22:37.494Z] [OUTPUT] #12 5.988  WARN  Tarball download average speed 40 KiB/s (size 121 KiB) is below 50 KiB/s: https://registry.npmjs.org/file-selector/-/file-selector-2.1.2.tgz (GET)
[2026-07-31T12:22:37.660Z] [OUTPUT] #12 6.003  WARN  Tarball download average speed 35 KiB/s (size 68 KiB) is below 50 KiB/s: https://registry.npmjs.org/sonner/-/sonner-1.7.4.tgz (GET)
[2026-07-31T12:22:37.782Z] [OUTPUT] #12 6.276 Progress: resolved 421, reused 0, downloaded 216, added 216
[2026-07-31T12:22:38.351Z] [OUTPUT] #12 6.846  WARN  Tarball download average speed 31 KiB/s (size 66 KiB) is below 50 KiB/s: https://registry.npmjs.org/fast-equals/-/fast-equals-5.3.3.tgz (GET)
[2026-07-31T12:22:38.540Z] [OUTPUT] #12 6.901  WARN  Tarball download average speed 5 KiB/s (size 6 KiB) is below 50 KiB/s: https://registry.npmjs.org/emoji-regex/-/emoji-regex-8.0.0.tgz (GET)
[2026-07-31T12:22:38.540Z] [OUTPUT] #12 6.902  WARN  Tarball download average speed 17 KiB/s (size 53 KiB) is below 50 KiB/s: https://registry.npmjs.org/react-smooth/-/react-smooth-4.0.4.tgz (GET)
[2026-07-31T12:22:38.540Z] [OUTPUT] #12 7.034  WARN  Tarball download average speed 16 KiB/s (size 34 KiB) is below 50 KiB/s: https://registry.npmjs.org/source-map-js/-/source-map-js-1.2.1.tgz (GET)
[2026-07-31T12:22:38.741Z] [OUTPUT] #12 7.235  WARN  Tarball download average speed 8 KiB/s (size 25 KiB) is below 50 KiB/s: https://registry.npmjs.org/chokidar/-/chokidar-3.6.0.tgz (GET)
[2026-07-31T12:22:38.932Z] [OUTPUT] #12 7.276 Progress: resolved 421, reused 0, downloaded 267, added 267
[2026-07-31T12:22:39.781Z] [OUTPUT] #12 8.276 Progress: resolved 421, reused 0, downloaded 283, added 283
[2026-07-31T12:22:40.257Z] [OUTPUT] #12 8.751  WARN  Tarball download average speed 38 KiB/s (size 213 KiB) is below 50 KiB/s: https://registry.npmjs.org/react-router/-/react-router-6.30.1.tgz (GET)
[2026-07-31T12:22:40.782Z] [OUTPUT] #12 9.277 Progress: resolved 421, reused 0, downloaded 301, added 301
[2026-07-31T12:22:40.931Z] [OUTPUT] #12 9.343  WARN  Tarball download average speed 8 KiB/s (size 9 KiB) is below 50 KiB/s: https://registry.npmjs.org/safe-buffer/-/safe-buffer-5.2.1.tgz (GET)
[2026-07-31T12:22:40.931Z] [OUTPUT] #12 9.425  WARN  Tarball download average speed 14 KiB/s (size 26 KiB) is below 50 KiB/s: https://registry.npmjs.org/source-map-support/-/source-map-support-0.5.21.tgz (GET)
[2026-07-31T12:22:41.785Z] [OUTPUT] #12 10.28 Progress: resolved 421, reused 0, downloaded 338, added 338
[2026-07-31T12:22:42.325Z] [OUTPUT] #12 10.82  WARN  Tarball download average speed 40 KiB/s (size 138 KiB) is below 50 KiB/s: https://registry.npmjs.org/@metagptx/vite-plugin-source-locator/-/vite-plugin-source-locator-0.0.6.tgz (GET)
[2026-07-31T12:22:42.785Z] [OUTPUT] #12 11.28 Progress: resolved 421, reused 0, downloaded 367, added 367
[2026-07-31T12:22:43.468Z] [OUTPUT] #12 11.96  WARN  Tarball download average speed 27 KiB/s (size 127 KiB) is below 50 KiB/s: https://registry.npmjs.org/acorn/-/acorn-8.15.0.tgz (GET)
[2026-07-31T12:22:43.626Z] [OUTPUT] #12 11.97  WARN  Tarball download average speed 4 KiB/s (size 16 KiB) is below 50 KiB/s: https://registry.npmjs.org/browserslist/-/browserslist-4.28.0.tgz (GET)
[2026-07-31T12:22:43.785Z] [OUTPUT] #12 12.28 Progress: resolved 421, reused 0, downloaded 391, added 391
[2026-07-31T12:22:44.157Z] [OUTPUT] #12 12.65  WARN  Tarball download average speed 7 KiB/s (size 30 KiB) is below 50 KiB/s: https://registry.npmjs.org/electron-to-chromium/-/electron-to-chromium-1.5.250.tgz (GET)
[2026-07-31T12:22:44.786Z] [OUTPUT] #12 13.28 Progress: resolved 421, reused 0, downloaded 398, added 398
[2026-07-31T12:22:45.034Z] [OUTPUT] #12 13.53  WARN  Tarball download average speed 10 KiB/s (size 45 KiB) is below 50 KiB/s: https://registry.npmjs.org/autoprefixer/-/autoprefixer-10.4.22.tgz (GET)
[2026-07-31T12:22:45.787Z] [OUTPUT] #12 14.28 Progress: resolved 421, reused 0, downloaded 400, added 400
[2026-07-31T12:22:46.789Z] [OUTPUT] #12 15.28 Progress: resolved 421, reused 0, downloaded 404, added 404
[2026-07-31T12:22:46.964Z] [OUTPUT] #12 15.46  WARN  Tarball download average speed 8 KiB/s (size 75 KiB) is below 50 KiB/s: https://registry.npmjs.org/entities/-/entities-4.5.0.tgz (GET)
[2026-07-31T12:22:47.141Z] [OUTPUT] #12 15.64  WARN  Tarball download average speed 42 KiB/s (size 331 KiB) is below 50 KiB/s: https://registry.npmjs.org/caniuse-lite/-/caniuse-lite-1.0.30001754.tgz (GET)
[2026-07-31T12:22:47.789Z] [OUTPUT] #12 16.28 Progress: resolved 421, reused 0, downloaded 408, added 408
[2026-07-31T12:22:48.790Z] [OUTPUT] #12 17.28 Progress: resolved 421, reused 0, downloaded 410, added 410
[2026-07-31T12:22:49.791Z] [OUTPUT] #12 18.28 Progress: resolved 421, reused 0, downloaded 411, added 411
[2026-07-31T12:22:50.457Z] [OUTPUT] #12 18.95  WARN  Tarball download average speed 38 KiB/s (size 440 KiB) is below 50 KiB/s: https://registry.npmjs.org/terser/-/terser-5.44.1.tgz (GET)
[2026-07-31T12:22:50.797Z] [OUTPUT] #12 19.28 Progress: resolved 421, reused 0, downloaded 412, added 412
[2026-07-31T12:22:50.903Z] [OUTPUT] #12 19.39  WARN  Tarball download average speed 13 KiB/s (size 161 KiB) is below 50 KiB/s: https://registry.npmjs.org/@vue/compiler-dom/-/compiler-dom-3.5.24.tgz (GET)
[2026-07-31T12:22:51.793Z] [OUTPUT] #12 20.28 Progress: resolved 421, reused 0, downloaded 414, added 414
[2026-07-31T12:22:53.405Z] [OUTPUT] #12 21.90 Progress: resolved 421, reused 0, downloaded 415, added 414
[2026-07-31T12:22:54.404Z] [OUTPUT] #12 22.90 Progress: resolved 421, reused 0, downloaded 415, added 415
[2026-07-31T12:22:55.405Z] [OUTPUT] #12 23.90 Progress: resolved 421, reused 0, downloaded 416, added 416
[2026-07-31T12:22:58.060Z] [OUTPUT] #12 26.55  WARN  Tarball download average speed 49 KiB/s (size 932 KiB) is below 50 KiB/s: https://registry.npmjs.org/@rollup/rollup-linux-x64-musl/-/rollup-linux-x64-musl-4.53.2.tgz (GET)
[2026-07-31T12:22:58.232Z] [OUTPUT] #12 26.57 Progress: resolved 421, reused 0, downloaded 417, added 416
[2026-07-31T12:22:59.081Z] [OUTPUT] #12 27.57 Progress: resolved 421, reused 0, downloaded 419, added 419
[2026-07-31T12:23:05.529Z] [OUTPUT] #12 34.02 Progress: resolved 421, reused 0, downloaded 420, added 419
[2026-07-31T12:23:06.531Z] [OUTPUT] #12 35.02 Progress: resolved 421, reused 0, downloaded 420, added 420
[2026-07-31T12:23:06.742Z] [OUTPUT] #12 35.09 Progress: resolved 421, reused 0, downloaded 421, added 421, done
[2026-07-31T12:23:07.178Z] [OUTPUT] #12 35.67
[2026-07-31T12:23:07.178Z] [OUTPUT] #12 35.67 dependencies:
[2026-07-31T12:23:07.179Z] [OUTPUT] #12 35.67 + @hookform/resolvers 3.10.0
[2026-07-31T12:23:07.179Z] [OUTPUT] #12 35.67 + @radix-ui/react-accordion 1.2.12
[2026-07-31T12:23:07.179Z] [OUTPUT] #12 35.67 + @radix-ui/react-alert-dialog 1.1.15
[2026-07-31T12:23:07.179Z] [OUTPUT] #12 35.67 + @radix-ui/react-aspect-ratio 1.1.8
[2026-07-31T12:23:07.179Z] [OUTPUT] #12 35.67 + @radix-ui/react-avatar 1.1.11
[2026-07-31T12:23:07.179Z] [OUTPUT] #12 35.67 + @radix-ui/react-checkbox 1.3.3
[2026-07-31T12:23:07.179Z] [OUTPUT] #12 35.67 + @radix-ui/react-collapsible 1.1.12
[2026-07-31T12:23:07.180Z] [OUTPUT] #12 35.67 + @radix-ui/react-dialog 1.1.15
[2026-07-31T12:23:07.179Z] [OUTPUT] #12 35.67 + @radix-ui/react-context-menu 2.2.16
[2026-07-31T12:23:07.180Z] [OUTPUT] #12 35.67 + @radix-ui/react-dropdown-menu 2.1.16
[2026-07-31T12:23:07.180Z] [OUTPUT] #12 35.67 + @radix-ui/react-hover-card 1.1.15
[2026-07-31T12:23:07.180Z] [OUTPUT] #12 35.67 + @radix-ui/react-label 2.1.8
[2026-07-31T12:23:07.180Z] [OUTPUT] #12 35.67 + @radix-ui/react-menubar 1.1.16
[2026-07-31T12:23:07.180Z] [OUTPUT] #12 35.67 + @radix-ui/react-navigation-menu 1.2.14
[2026-07-31T12:23:07.180Z] [OUTPUT] #12 35.67 + @radix-ui/react-popover 1.1.15
[2026-07-31T12:23:07.180Z] [OUTPUT] #12 35.67 + @radix-ui/react-progress 1.1.8
[2026-07-31T12:23:07.180Z] [OUTPUT] #12 35.67 + @radix-ui/react-radio-group 1.3.8
[2026-07-31T12:23:07.180Z] [OUTPUT] #12 35.67 + @radix-ui/react-scroll-area 1.2.10
[2026-07-31T12:23:07.180Z] [OUTPUT] #12 35.67 + @radix-ui/react-select 2.2.6
[2026-07-31T12:23:07.180Z] [OUTPUT] #12 35.67 + @radix-ui/react-separator 1.1.8
[2026-07-31T12:23:07.180Z] [OUTPUT] #12 35.67 + @radix-ui/react-slider 1.3.6
[2026-07-31T12:23:07.180Z] [OUTPUT] #12 35.67 + @radix-ui/react-slot 1.2.4
[2026-07-31T12:23:07.180Z] [OUTPUT] #12 35.67 + @radix-ui/react-switch 1.2.6
[2026-07-31T12:23:07.181Z] [OUTPUT] #12 35.67 + @radix-ui/react-tabs 1.1.13
[2026-07-31T12:23:07.181Z] [OUTPUT] #12 35.67 + @radix-ui/react-toast 1.2.15
[2026-07-31T12:23:07.181Z] [OUTPUT] #12 35.67 + @radix-ui/react-toggle 1.1.10
[2026-07-31T12:23:07.181Z] [OUTPUT] #12 35.67 + @radix-ui/react-toggle-group 1.1.11
[2026-07-31T12:23:07.181Z] [OUTPUT] #12 35.67 + @radix-ui/react-tooltip 1.2.8
[2026-07-31T12:23:07.181Z] [OUTPUT] #12 35.67 + @supabase/supabase-js 2.81.1
[2026-07-31T12:23:07.181Z] [OUTPUT] #12 35.67 + @tanstack/react-query 5.90.8
[2026-07-31T12:23:07.181Z] [OUTPUT] #12 35.67 + class-variance-authority 0.7.1
[2026-07-31T12:23:07.181Z] [OUTPUT] #12 35.67 + clsx 2.1.1
[2026-07-31T12:23:07.181Z] [OUTPUT] #12 35.67 + cmdk 1.1.1
[2026-07-31T12:23:07.181Z] [OUTPUT] #12 35.67 + date-fns 3.6.0
[2026-07-31T12:23:07.181Z] [OUTPUT] #12 35.67 + embla-carousel-react 8.6.0
[2026-07-31T12:23:07.181Z] [OUTPUT] #12 35.67 + framer-motion 11.18.2
[2026-07-31T12:23:07.182Z] [OUTPUT] #12 35.67 + input-otp 1.4.2
[2026-07-31T12:23:07.183Z] [OUTPUT] #12 35.67 + lucide-react 0.462.0
[2026-07-31T12:23:07.183Z] [OUTPUT] #12 35.67 + next-themes 0.4.6
[2026-07-31T12:23:07.183Z] [OUTPUT] #12 35.67 + prismjs 1.30.0
[2026-07-31T12:23:07.183Z] [OUTPUT] #12 35.67 + react 19.2.0
[2026-07-31T12:23:07.183Z] [OUTPUT] #12 35.67 + react-day-picker 9.11.1
[2026-07-31T12:23:07.183Z] [OUTPUT] #12 35.67 + react-dom 19.2.0
[2026-07-31T12:23:07.183Z] [OUTPUT] #12 35.67 + react-dropzone 14.3.8
[2026-07-31T12:23:07.183Z] [OUTPUT] #12 35.67 + react-error-boundary 4.1.2
[2026-07-31T12:23:07.183Z] [OUTPUT] #12 35.67 + react-hook-form 7.66.0
[2026-07-31T12:23:07.183Z] [OUTPUT] #12 35.67 + react-router-dom 6.30.1
[2026-07-31T12:23:07.184Z] [OUTPUT] #12 35.67 + recharts 2.15.4
[2026-07-31T12:23:07.183Z] [OUTPUT] #12 35.67 + react-resizable-panels 2.1.9
[2026-07-31T12:23:07.184Z] [OUTPUT] #12 35.67 + sonner 1.7.4
[2026-07-31T12:23:07.184Z] [OUTPUT] #12 35.67 + tailwind-merge 2.6.0
[2026-07-31T12:23:07.184Z] [OUTPUT] #12 35.67 + tailwindcss-animate 1.0.7
[2026-07-31T12:23:07.184Z] [OUTPUT] #12 35.67 + uuid 10.0.0
[2026-07-31T12:23:07.184Z] [OUTPUT] #12 35.67 + vaul 1.1.2
[2026-07-31T12:23:07.184Z] [OUTPUT] #12 35.67 + zod 3.25.76
[2026-07-31T12:23:07.184Z] [OUTPUT] #12 35.67 + zustand 4.5.7
[2026-07-31T12:23:07.184Z] [OUTPUT] #12 35.67
[2026-07-31T12:23:07.184Z] [OUTPUT] #12 35.67 devDependencies:
[2026-07-31T12:23:07.184Z] [OUTPUT] #12 35.67 + @eslint/js 9.39.1
[2026-07-31T12:23:07.184Z] [OUTPUT] #12 35.67 + @metagptx/vite-plugin-source-locator 0.0.6
[2026-07-31T12:23:07.184Z] [OUTPUT] #12 35.67 + @tailwindcss/aspect-ratio 0.4.2
[2026-07-31T12:23:07.185Z] [OUTPUT] #12 35.67 + @tailwindcss/typography 0.5.19
[2026-07-31T12:23:07.185Z] [OUTPUT] #12 35.67 + @types/node 22.19.1
[2026-07-31T12:23:07.185Z] [OUTPUT] #12 35.67 + @types/react 19.2.4
[2026-07-31T12:23:07.185Z] [OUTPUT] #12 35.67 + @types/react-dom 19.2.3
[2026-07-31T12:23:07.185Z] [OUTPUT] #12 35.67 + @vitejs/plugin-react-swc 3.11.0
[2026-07-31T12:23:07.186Z] [OUTPUT] #12 35.67 + autoprefixer 10.4.22
[2026-07-31T12:23:07.186Z] [OUTPUT] #12 35.67 + eslint 9.39.1
[2026-07-31T12:23:07.187Z] [OUTPUT] #12 35.67 + eslint-plugin-react-hooks 5.2.0
[2026-07-31T12:23:07.187Z] [OUTPUT] #12 35.67 + eslint-plugin-react-refresh 0.4.24
[2026-07-31T12:23:07.188Z] [OUTPUT] #12 35.67 + globals 15.15.0
[2026-07-31T12:23:07.188Z] [OUTPUT] #12 35.67 + lovable-tagger 1.1.11
[2026-07-31T12:23:07.188Z] [OUTPUT] #12 35.67 + postcss 8.5.6
[2026-07-31T12:23:07.188Z] [OUTPUT] #12 35.67 + tailwindcss 3.4.18
[2026-07-31T12:23:07.188Z] [OUTPUT] #12 35.67 + typescript 5.9.3
[2026-07-31T12:23:07.188Z] [OUTPUT] #12 35.67 + typescript-eslint 8.46.4
[2026-07-31T12:23:07.189Z] [OUTPUT] #12 35.67 + vite 5.4.21
[2026-07-31T12:23:07.189Z] [OUTPUT] #12 35.67
[2026-07-31T12:23:07.318Z] [OUTPUT] #12 35.73 ╭ Warning ─────────────────────────────────────────────────────────────────────╮
[2026-07-31T12:23:07.318Z] [OUTPUT] #12 35.73 │                                                                              │
[2026-07-31T12:23:07.319Z] [OUTPUT] #12 35.73 │   Ignored build scripts: @metagptx/vite-plugin-source-locator@0.0.6,         │
[2026-07-31T12:23:07.319Z] [OUTPUT] #12 35.73 │   @swc/core@1.15.1, esbuild@0.21.5, esbuild@0.25.12.                         │
[2026-07-31T12:23:07.319Z] [OUTPUT] #12 35.73 │   Run "pnpm approve-builds" to pick which dependencies should be allowed     │
[2026-07-31T12:23:07.320Z] [OUTPUT] #12 35.73 │   to run scripts.                                                            │
[2026-07-31T12:23:07.320Z] [OUTPUT] #12 35.73 │                                                                              │
[2026-07-31T12:23:07.320Z] [OUTPUT] #12 35.73 ╰──────────────────────────────────────────────────────────────────────────────╯
[2026-07-31T12:23:07.320Z] [OUTPUT] #12 35.81 Done in 35.2s using pnpm v10.34.5
[2026-07-31T12:23:07.594Z] [OUTPUT] #12 DONE 36.1s
[2026-07-31T12:23:07.749Z] [OUTPUT] #13 [builder 7/8] COPY . .
[2026-07-31T12:23:08.039Z] [OUTPUT] #13 DONE 0.4s
[2026-07-31T12:23:08.194Z] [OUTPUT] #14 [builder 8/8] RUN pnpm run build
[2026-07-31T12:23:09.028Z] [OUTPUT] #14 0.985
[2026-07-31T12:23:09.028Z] [OUTPUT] #14 0.985 > ghost-entertainment@0.0.0 build /app
[2026-07-31T12:23:09.029Z] [OUTPUT] #14 0.985 > vite build
[2026-07-31T12:23:09.029Z] [OUTPUT] #14 0.985
[2026-07-31T12:23:09.380Z] [OUTPUT] #14 1.337 vite v5.4.21 building for production...
[2026-07-31T12:23:09.487Z] [OUTPUT] #14 1.443 transforming...
[2026-07-31T12:23:09.678Z] [OUTPUT] #14 1.634 [baseline-browser-mapping] The data in this module is over two months old.  To ensure accurate Baseline data, please update: `npm i baseline-browser-mapping@latest -D`
[2026-07-31T12:23:09.842Z] [OUTPUT] #14 1.798 ✓ 2 modules transformed.
[2026-07-31T12:23:09.948Z] [OUTPUT] #14 1.806 x Build failed in 432ms
[2026-07-31T12:23:09.948Z] [OUTPUT] #14 1.806 error during build:
[2026-07-31T12:23:09.949Z] [OUTPUT] #14 1.806 [vite]: Rollup failed to resolve import "/src/main.tsx" from "/app/index.html".
[2026-07-31T12:23:09.949Z] [OUTPUT] #14 1.806 This is most likely unintended because it can break your application at runtime.
[2026-07-31T12:23:09.949Z] [OUTPUT] #14 1.806 If you do want to externalize this module explicitly add it to
[2026-07-31T12:23:09.949Z] [OUTPUT] #14 1.806 `build.rollupOptions.external`
[2026-07-31T12:23:09.949Z] [OUTPUT] #14 1.806     at viteWarn (file:///app/node_modules/.pnpm/vite@5.4.21_@types+node@22.19.1_terser@5.44.1/node_modules/vite/dist/node/chunks/dep-BK3b2jBa.js:65855:17)
[2026-07-31T12:23:09.949Z] [OUTPUT] #14 1.806     at onwarn (file:///app/node_modules/.pnpm/@vitejs+plugin-react-swc@3.11.0_vite@5.4.21_@types+node@22.19.1_terser@5.44.1_/node_modules/@vitejs/plugin-react-swc/index.js:90:7)
[2026-07-31T12:23:09.949Z] [OUTPUT] #14 1.806     at onRollupWarning (file:///app/node_modules/.pnpm/vite@5.4.21_@types+node@22.19.1_terser@5.44.1/node_modules/vite/dist/node/chunks/dep-BK3b2jBa.js:65885:5)
[2026-07-31T12:23:09.949Z] [OUTPUT] #14 1.806     at onwarn (file:///app/node_modules/.pnpm/vite@5.4.21_@types+node@22.19.1_terser@5.44.1/node_modules/vite/dist/node/chunks/dep-BK3b2jBa.js:65550:7)
[2026-07-31T12:23:09.950Z] [OUTPUT] #14 1.806     at file:///app/node_modules/.pnpm/rollup@4.53.2/node_modules/rollup/dist/es/shared/node-entry.js:20961:13
[2026-07-31T12:23:09.950Z] [OUTPUT] #14 1.806     at Object.logger [as onLog] (file:///app/node_modules/.pnpm/rollup@4.53.2/node_modules/rollup/dist/es/shared/node-entry.js:22834:9)
[2026-07-31T12:23:09.950Z] [OUTPUT] #14 1.806     at ModuleLoader.handleInvalidResolvedId (file:///app/node_modules/.pnpm/rollup@4.53.2/node_modules/rollup/dist/es/shared/node-entry.js:21578:26)
[2026-07-31T12:23:09.950Z] [OUTPUT] #14 1.806     at file:///app/node_modules/.pnpm/rollup@4.53.2/node_modules/rollup/dist/es/shared/node-entry.js:21536:26
[2026-07-31T12:23:09.950Z] [OUTPUT] #14 1.841  ELIFECYCLE  Command failed with exit code 1.
[2026-07-31T12:23:09.951Z] [OUTPUT] #14 ERROR: process "/bin/sh -c pnpm run build" did not complete successfully: exit code: 1
[2026-07-31T12:23:10.102Z] [OUTPUT] ------
[2026-07-31T12:23:10.102Z] [OUTPUT] > [builder 8/8] RUN pnpm run build:
[2026-07-31T12:23:10.102Z] [OUTPUT] 1.806 `build.rollupOptions.external`
[2026-07-31T12:23:10.102Z] [OUTPUT] 1.806     at viteWarn (file:///app/node_modules/.pnpm/vite@5.4.21_@types+node@22.19.1_terser@5.44.1/node_modules/vite/dist/node/chunks/dep-BK3b2jBa.js:65855:17)
[2026-07-31T12:23:10.102Z] [OUTPUT] 1.806     at onwarn (file:///app/node_modules/.pnpm/@vitejs+plugin-react-swc@3.11.0_vite@5.4.21_@types+node@22.19.1_terser@5.44.1_/node_modules/@vitejs/plugin-react-swc/index.js:90:7)
[2026-07-31T12:23:10.103Z] [OUTPUT] 1.806     at onRollupWarning (file:///app/node_modules/.pnpm/vite@5.4.21_@types+node@22.19.1_terser@5.44.1/node_modules/vite/dist/node/chunks/dep-BK3b2jBa.js:65885:5)
[2026-07-31T12:23:10.103Z] [OUTPUT] 1.806     at onwarn (file:///app/node_modules/.pnpm/vite@5.4.21_@types+node@22.19.1_terser@5.44.1/node_modules/vite/dist/node/chunks/dep-BK3b2jBa.js:65550:7)
[2026-07-31T12:23:10.103Z] [OUTPUT] 1.806     at file:///app/node_modules/.pnpm/rollup@4.53.2/node_modules/rollup/dist/es/shared/node-entry.js:20961:13
[2026-07-31T12:23:10.103Z] [OUTPUT] 1.806     at Object.logger [as onLog] (file:///app/node_modules/.pnpm/rollup@4.53.2/node_modules/rollup/dist/es/shared/node-entry.js:22834:9)
[2026-07-31T12:23:10.103Z] [OUTPUT] 1.806     at ModuleLoader.handleInvalidResolvedId (file:///app/node_modules/.pnpm/rollup@4.53.2/node_modules/rollup/dist/es/shared/node-entry.js:21578:26)
[2026-07-31T12:23:10.103Z] [OUTPUT] 1.806     at file:///app/node_modules/.pnpm/rollup@4.53.2/node_modules/rollup/dist/es/shared/node-entry.js:21536:26
[2026-07-31T12:23:10.103Z] [OUTPUT] 1.841  ELIFECYCLE  Command failed with exit code 1.
[2026-07-31T12:23:10.103Z] [OUTPUT] ------
[2026-07-31T12:23:10.118Z] [OUTPUT] Dockerfile:10
[2026-07-31T12:23:10.119Z] [OUTPUT] --------------------
[2026-07-31T12:23:10.120Z] [OUTPUT] 8 |     RUN pnpm install --frozen-lockfile
[2026-07-31T12:23:10.121Z] [OUTPUT] 10 | >>> RUN pnpm run build
[2026-07-31T12:23:10.121Z] [OUTPUT] 11 |
[2026-07-31T12:23:10.121Z] [OUTPUT] 9 |     COPY . .
[2026-07-31T12:23:10.121Z] [OUTPUT] 12 |     # Production Stage
[2026-07-31T12:23:10.122Z] [OUTPUT] --------------------
[2026-07-31T12:23:10.122Z] [OUTPUT] ERROR: failed to build: failed to solve: process "/bin/sh -c pnpm run build" did not complete successfully: exit code: 1
[2026-07-31T12:23:10.122Z] [OUTPUT] View build details: docker-desktop://dashboard/build/desktop-linux/desktop-linux/oogjp9hp5t0ph7n0q8rzfod6h
[2026-07-31T12:23:10.176Z] [ERROR] Deployment failed: Command failed with code 1
